Component: ARM Compiler 5.06 update 7 (build 960) Tool: armlink [4d3601]

==============================================================================

Section Cross References

    startup_stm32f767xx.o(STACK) refers (Special) to heapauxi.o(.text) for __use_two_region_memory
    startup_stm32f767xx.o(HEAP) refers (Special) to heapauxi.o(.text) for __use_two_region_memory
    startup_stm32f767xx.o(RESET) refers (Special) to heapauxi.o(.text) for __use_two_region_memory
    startup_stm32f767xx.o(RESET) refers to startup_stm32f767xx.o(STACK) for __initial_sp
    startup_stm32f767xx.o(RESET) refers to startup_stm32f767xx.o(.text) for Reset_Handler
    startup_stm32f767xx.o(RESET) refers to stm32f7xx_it.o(i.NMI_Handler) for NMI_Handler
    startup_stm32f767xx.o(RESET) refers to stm32f7xx_it.o(i.HardFault_Handler) for HardFault_Handler
    startup_stm32f767xx.o(RESET) refers to mpu.o(i.MemManage_Handler) for MemManage_Handler
    startup_stm32f767xx.o(RESET) refers to stm32f7xx_it.o(i.BusFault_Handler) for BusFault_Handler
    startup_stm32f767xx.o(RESET) refers to stm32f7xx_it.o(i.UsageFault_Handler) for UsageFault_Handler
    startup_stm32f767xx.o(RESET) refers to stm32f7xx_it.o(i.SVC_Handler) for SVC_Handler
    startup_stm32f767xx.o(RESET) refers to stm32f7xx_it.o(i.DebugMon_Handler) for DebugMon_Handler
    startup_stm32f767xx.o(RESET) refers to stm32f7xx_it.o(i.PendSV_Handler) for PendSV_Handler
    startup_stm32f767xx.o(RESET) refers to stm32f7xx_it.o(i.SysTick_Handler) for SysTick_Handler
    startup_stm32f767xx.o(RESET) refers to usmart_port.o(i.TIM4_IRQHandler) for TIM4_IRQHandler
    startup_stm32f767xx.o(RESET) refers to usart.o(i.USART2_IRQHandler) for USART2_IRQHandler
    startup_stm32f767xx.o(RESET) refers to btim.o(i.TIM6_DAC_IRQHandler) for TIM6_DAC_IRQHandler
    startup_stm32f767xx.o(.text) refers (Special) to heapauxi.o(.text) for __use_two_region_memory
    startup_stm32f767xx.o(.text) refers to system_stm32f7xx.o(i.SystemInit) for SystemInit
    startup_stm32f767xx.o(.text) refers to __main.o(!!!main) for __main
    startup_stm32f767xx.o(.text) refers to startup_stm32f767xx.o(HEAP) for Heap_Mem
    startup_stm32f767xx.o(.text) refers to startup_stm32f767xx.o(STACK) for Stack_Mem
    main.o(i.dbg_fill_raw_hex) refers to _printf_pad.o(.text) for _printf_pre_padding
    main.o(i.dbg_fill_raw_hex) refers to _printf_percent.o(.ARM.Collect$$_printf_percent$$00000000) for _printf_percent
    main.o(i.dbg_fill_raw_hex) refers to _printf_x.o(.ARM.Collect$$_printf_percent$$0000000C) for _printf_x
    main.o(i.dbg_fill_raw_hex) refers to _printf_hex_int.o(.text) for _printf_longlong_hex
    main.o(i.dbg_fill_raw_hex) refers to obuf.o(i.obuf_data_len) for obuf_data_len
    main.o(i.dbg_fill_raw_hex) refers to __2snprintf.o(.text) for __2snprintf
    main.o(i.dbg_fill_raw_hex) refers to obuf.o(i.obuf_peek) for obuf_peek
    main.o(i.fatfs_format) refers to _printf_percent.o(.ARM.Collect$$_printf_percent$$00000000) for _printf_percent
    main.o(i.fatfs_format) refers to _printf_d.o(.ARM.Collect$$_printf_percent$$00000009) for _printf_d
    main.o(i.fatfs_format) refers to _printf_dec.o(.text) for _printf_int_dec
    main.o(i.fatfs_format) refers to __2printf.o(.text) for __2printf
    main.o(i.fatfs_format) refers to ff.o(i.f_mkfs) for f_mkfs
    main.o(i.fatfs_format) refers to main.o(i.fatfs_mount_once) for fatfs_mount_once
    main.o(i.fatfs_mount_once) refers to _printf_percent.o(.ARM.Collect$$_printf_percent$$00000000) for _printf_percent
    main.o(i.fatfs_mount_once) refers to _printf_d.o(.ARM.Collect$$_printf_percent$$00000009) for _printf_d
    main.o(i.fatfs_mount_once) refers to _printf_dec.o(.text) for _printf_int_dec
    main.o(i.fatfs_mount_once) refers to ff.o(i.f_mount) for f_mount
    main.o(i.fatfs_mount_once) refers to __2printf.o(.text) for __2printf
    main.o(i.fatfs_mount_once) refers to main.o(.bss) for g_fatfs
    main.o(i.fatfs_mount_once) refers to main.o(.data) for g_fatfs_mounted
    main.o(i.main) refers to sys.o(i.sys_cache_enable) for sys_cache_enable
    main.o(i.main) refers to stm32f7xx_hal.o(i.HAL_Init) for HAL_Init
    main.o(i.main) refers to sys.o(i.sys_stm32_clock_init) for sys_stm32_clock_init
    main.o(i.main) refers to delay.o(i.delay_init) for delay_init
    main.o(i.main) refers to obuf.o(i.obuf_init) for obuf_init
    main.o(i.main) refers to usart.o(i.usart_init) for usart_init
    main.o(i.main) refers to stm32f7xx_hal.o(i.HAL_GetTick) for HAL_GetTick
    main.o(i.main) refers to led.o(i.led_init) for led_init
    main.o(i.main) refers to mpu.o(i.mpu_memory_protection) for mpu_memory_protection
    main.o(i.main) refers to sdram.o(i.sdram_init) for sdram_init
    main.o(i.main) refers to lcd.o(i.lcd_init) for lcd_init
    main.o(i.main) refers to btim.o(i.btim_timx_int_init) for btim_timx_int_init
    main.o(i.main) refers to lv_obj.o(i.lv_init) for lv_init
    main.o(i.main) refers to lv_port_disp_template.o(i.lv_port_disp_init) for lv_port_disp_init
[...]
    __rtentry2.o(.ARM.exidx) refers to __rtentry2.o(.ARM.Collect$$rtentry$$00000008) for .ARM.Collect$$rtentry$$00000008
    __rtentry2.o(.ARM.exidx) refers to __rtentry2.o(.ARM.Collect$$rtentry$$0000000A) for .ARM.Collect$$rtentry$$0000000A
    __rtentry2.o(.ARM.exidx) refers to __rtentry2.o(.ARM.Collect$$rtentry$$0000000B) for .ARM.Collect$$rtentry$$0000000B
    __rtentry2.o(.ARM.exidx) refers to __rtentry2.o(.ARM.Collect$$rtentry$$0000000D) for .ARM.Collect$$rtentry$$0000000D
    __rtentry4.o(.ARM.Collect$$rtentry$$00000004) refers to sys_stackheap_outer.o(.text) for __user_setup_stackheap
    __rtentry4.o(.ARM.exidx) refers to __rtentry4.o(.ARM.Collect$$rtentry$$00000004) for .ARM.Collect$$rtentry$$00000004
    rt_div0.o(.text) refers to defsig_fpe_outer.o(.text) for __rt_SIGFPE
    rt_locale.o(.text) refers to rt_locale.o(.bss) for __rt_locale_data
    rt_locale_intlibspace.o(.text) refers to libspace.o(.bss) for __libspace_start
    _printf_fp_infnan.o(.text) refers (Weak) to _printf_pad.o(.text) for _printf_pre_padding
    _printf_fp_infnan.o(.text) refers (Weak) to _printf_pad.o(.text) for _printf_post_padding
    bigflt0.o(.text) refers (Special) to usenofp.o(x$fpl$usenofp) for __I$use$fp
    bigflt0.o(.text) refers to btod.o(CL$$btod_emul) for _btod_emul
    bigflt0.o(.text) refers to btod.o(CL$$btod_ediv) for _btod_ediv
    bigflt0.o(.text) refers to bigflt0.o(.constdata) for .constdata
    bigflt0.o(.constdata) refers (Special) to usenofp.o(x$fpl$usenofp) for __I$use$fp
    btod.o(CL$$btod_d2e) refers (Special) to usenofp.o(x$fpl$usenofp) for __I$use$fp
    btod.o(CL$$btod_d2e) refers to btod.o(CL$$btod_d2e_norm_op1) for _d2e_norm_op1
    btod.o(CL$$btod_d2e_norm_op1) refers (Special) to usenofp.o(x$fpl$usenofp) for __I$use$fp
    btod.o(CL$$btod_d2e_norm_op1) refers to btod.o(CL$$btod_d2e_denorm_low) for _d2e_denorm_low
    btod.o(CL$$btod_d2e_denorm_low) refers (Special) to usenofp.o(x$fpl$usenofp) for __I$use$fp
    btod.o(CL$$btod_emul) refers (Special) to usenofp.o(x$fpl$usenofp) for __I$use$fp
    btod.o(CL$$btod_emul) refers to btod.o(CL$$btod_mult_common) for __btod_mult_common
    btod.o(CL$$btod_emul) refers to btod.o(CL$$btod_e2e) for _e2e
    btod.o(CL$$btod_ediv) refers (Special) to usenofp.o(x$fpl$usenofp) for __I$use$fp
    btod.o(CL$$btod_ediv) refers to btod.o(CL$$btod_div_common) for __btod_div_common
    btod.o(CL$$btod_ediv) refers to btod.o(CL$$btod_e2e) for _e2e
    btod.o(CL$$btod_emuld) refers (Special) to usenofp.o(x$fpl$usenofp) for __I$use$fp
    btod.o(CL$$btod_emuld) refers to btod.o(CL$$btod_mult_common) for __btod_mult_common
    btod.o(CL$$btod_emuld) refers to btod.o(CL$$btod_e2d) for _e2d
    btod.o(CL$$btod_edivd) refers (Special) to usenofp.o(x$fpl$usenofp) for __I$use$fp
    btod.o(CL$$btod_edivd) refers to btod.o(CL$$btod_div_common) for __btod_div_common
    btod.o(CL$$btod_edivd) refers to btod.o(CL$$btod_e2d) for _e2d
    btod.o(CL$$btod_e2e) refers (Special) to usenofp.o(x$fpl$usenofp) for __I$use$fp
    btod.o(CL$$btod_e2d) refers (Special) to usenofp.o(x$fpl$usenofp) for __I$use$fp
    btod.o(CL$$btod_e2d) refers to btod.o(CL$$btod_e2e) for _e2e
    btod.o(CL$$btod_mult_common) refers (Special) to usenofp.o(x$fpl$usenofp) for __I$use$fp
    btod.o(CL$$btod_div_common) refers (Special) to usenofp.o(x$fpl$usenofp) for __I$use$fp
    lc_ctype_c.o(locale$$data) refers (Special) to libinit2.o(.ARM.Collect$$libinit$$00000012) for __rt_lib_init_lc_ctype_2
    lc_ctype_c.o(locale$$code) refers (Special) to libinit2.o(.ARM.Collect$$libinit$$00000012) for __rt_lib_init_lc_ctype_2
    lc_ctype_c.o(locale$$code) refers to strcmpv7m_pel.o(.text) for strcmp
    lc_ctype_c.o(locale$$code) refers to lc_ctype_c.o(locale$$data) for __lcctype_c_name
    lc_numeric_c.o(locale$$data) refers (Special) to libinit2.o(.ARM.Collect$$libinit$$00000016) for __rt_lib_init_lc_numeric_2
    lc_numeric_c.o(locale$$code) refers (Special) to libinit2.o(.ARM.Collect$$libinit$$00000016) for __rt_lib_init_lc_numeric_2
    lc_numeric_c.o(locale$$code) refers to strcmpv7m_pel.o(.text) for strcmp
    lc_numeric_c.o(locale$$code) refers to lc_numeric_c.o(locale$$data) for __lcnum_c_name
    defsig_abrt_outer.o(.text) refers to defsig_abrt_inner.o(.text) for __rt_SIGABRT_inner
    defsig_abrt_outer.o(.text) refers to defsig_exit.o(.text) for __sig_exit
    defsig_abrt_formal.o(.text) refers to rt_raise.o(.text) for __rt_raise
    fnaninf.o(x$fpl$fnaninf) refers (Special) to usenofp.o(x$fpl$usenofp) for __I$use$fp
    istatus.o(x$fpl$ieeestatus) refers (Special) to usenofp.o(x$fpl$usenofp) for __I$use$fp
    fabs.o(i.__hardfp_fabs) refers (Special) to usenofp.o(x$fpl$usenofp) for __I$use$fp
    fabs.o(i.__softfp_fabs) refers (Special) to usenofp.o(x$fpl$usenofp) for __I$use$fp
    fabs.o(i.fabs) refers (Special) to usenofp.o(x$fpl$usenofp) for __I$use$fp
    fpclassify.o(i.__ARM_fpclassify) refers (Special) to usenofp.o(x$fpl$usenofp) for __I$use$fp
    poly.o(i.__kernel_poly) refers (Special) to usenofp.o(x$fpl$usenofp) for __I$use$fp
    sys_stackheap_outer.o(.text) refers to libspace.o(.text) for __user_perproc_libspace
    sys_stackheap_outer.o(.text) refers to startup_stm32f767xx.o(.text) for __user_initial_stackheap
    rt_raise.o(.text) refers to __raise.o(.text) for __raise
    rt_raise.o(.text) refers to usart.o(i._sys_exit) for _sys_exit
    exit.o(.text) refers to rtexit.o(.ARM.Collect$$rtexit$$00000000) for __rt_exit
    defsig_exit.o(.text) refers to usart.o(i._sys_exit) for _sys_exit
    defsig_abrt_inner.o(.text) refers to defsig_general.o(.text) for __default_signal_display
    defsig_fpe_outer.o(.text) refers to defsig_fpe_inner.o(.text) for __rt_SIGFPE_inner
    defsig_fpe_outer.o(.text) refers to defsig_exit.o(.text) for __sig_exit
    defsig_fpe_formal.o(.text) refers to rt_raise.o(.text) for __rt_raise
    libinit.o(.ARM.Collect$$libinit$$00000000) refers (Special) to libinit2.o(.ARM.Collect$$libinit$$0000002E) for __rt_lib_init_alloca_1
    libinit.o(.ARM.Collect$$libinit$$00000000) refers (Special) to libinit2.o(.ARM.Collect$$libinit$$0000002C) for __rt_lib_init_argv_1
    libinit.o(.ARM.Collect$$libinit$$00000000) refers (Special) to libinit2.o(.ARM.Collect$$libinit$$0000001B) for __rt_lib_init_atexit_1
    libinit.o(.ARM.Collect$$libinit$$00000000) refers (Special) to libinit2.o(.ARM.Collect$$libinit$$00000021) for __rt_lib_init_clock_1
    libinit.o(.ARM.Collect$$libinit$$00000000) refers (Special) to libinit2.o(.ARM.Collect$$libinit$$00000032) for __rt_lib_init_cpp_1
    libinit.o(.ARM.Collect$$libinit$$00000000) refers (Special) to libinit2.o(.ARM.Collect$$libinit$$00000030) for __rt_lib_init_exceptions_1
    libinit.o(.ARM.Collect$$libinit$$00000000) refers (Special) to libinit2.o(.ARM.Collect$$libinit$$00000001) for __rt_lib_init_fp_1
    libinit.o(.ARM.Collect$$libinit$$00000000) refers (Special) to libinit2.o(.ARM.Collect$$libinit$$0000001F) for __rt_lib_init_fp_trap_1
    libinit.o(.ARM.Collect$$libinit$$00000000) refers (Special) to libinit2.o(.ARM.Collect$$libinit$$00000023) for __rt_lib_init_getenv_1
    libinit.o(.ARM.Collect$$libinit$$00000000) refers (Special) to libinit2.o(.ARM.Collect$$libinit$$0000000A) for __rt_lib_init_heap_1
    libinit.o(.ARM.Collect$$libinit$$00000000) refers (Special) to libinit2.o(.ARM.Collect$$libinit$$00000011) for __rt_lib_init_lc_collate_1
    libinit.o(.ARM.Collect$$libinit$$00000000) refers (Special) to libinit2.o(.ARM.Collect$$libinit$$00000013) for __rt_lib_init_lc_ctype_1
    libinit.o(.ARM.Collect$$libinit$$00000000) refers (Special) to libinit2.o(.ARM.Collect$$libinit$$00000015) for __rt_lib_init_lc_monetary_1
    libinit.o(.ARM.Collect$$libinit$$00000000) refers (Special) to libinit2.o(.ARM.Collect$$libinit$$00000017) for __rt_lib_init_lc_numeric_1
    libinit.o(.ARM.Collect$$libinit$$00000000) refers (Special) to libinit2.o(.ARM.Collect$$libinit$$00000019) for __rt_lib_init_lc_time_1
    libinit.o(.ARM.Collect$$libinit$$00000000) refers (Special) to libinit2.o(.ARM.Collect$$libinit$$00000004) for __rt_lib_init_preinit_1
    libinit.o(.ARM.Collect$$libinit$$00000000) refers (Special) to libinit2.o(.ARM.Collect$$libinit$$0000000E) for __rt_lib_init_rand_1
    libinit.o(.ARM.Collect$$libinit$$00000000) refers (Special) to libinit2.o(.ARM.Collect$$libinit$$00000033) for __rt_lib_init_return
    libinit.o(.ARM.Collect$$libinit$$00000000) refers (Special) to libinit2.o(.ARM.Collect$$libinit$$0000001D) for __rt_lib_init_signal_1
    libinit.o(.ARM.Collect$$libinit$$00000000) refers (Special) to libinit2.o(.ARM.Collect$$libinit$$00000025) for __rt_lib_init_stdio_1
    libinit.o(.ARM.Collect$$libinit$$00000000) refers (Special) to libinit2.o(.ARM.Collect$$libinit$$0000000C) for __rt_lib_init_user_alloc_1
    libinit2.o(.ARM.Collect$$libinit$$00000001) refers to fpinit.o(x$fpl$fpinit) for _fp_init
    libinit2.o(.ARM.Collect$$libinit$$0000000F) refers (Weak) to rt_locale_intlibspace.o(.text) for __rt_locale
    libinit2.o(.ARM.Collect$$libinit$$00000010) refers to libinit2.o(.ARM.Collect$$libinit$$0000000F) for .ARM.Collect$$libinit$$0000000F
    libinit2.o(.ARM.Collect$$libinit$$00000012) refers to libinit2.o(.ARM.Collect$$libinit$$0000000F) for .ARM.Collect$$libinit$$0000000F
    libinit2.o(.ARM.Collect$$libinit$$00000012) refers (Weak) to lc_ctype_c.o(locale$$code) for _get_lc_ctype
    libinit2.o(.ARM.Collect$$libinit$$00000014) refers to libinit2.o(.ARM.Collect$$libinit$$0000000F) for .ARM.Collect$$libinit$$0000000F
    libinit2.o(.ARM.Collect$$libinit$$00000016) refers to libinit2.o(.ARM.Collect$$libinit$$0000000F) for .ARM.Collect$$libinit$$0000000F
    libinit2.o(.ARM.Collect$$libinit$$00000016) refers (Weak) to lc_numeric_c.o(locale$$code) for _get_lc_numeric
    libinit2.o(.ARM.Collect$$libinit$$00000018) refers to libinit2.o(.ARM.Collect$$libinit$$0000000F) for .ARM.Collect$$libinit$$0000000F
    libinit2.o(.ARM.Collect$$libinit$$00000026) refers to argv_veneer.o(.emb_text) for __ARM_argv_veneer
    libinit2.o(.ARM.Collect$$libinit$$00000027) refers to argv_veneer.o(.emb_text) for __ARM_argv_veneer
    rtexit.o(.ARM.Collect$$rtexit$$00000000) refers (Special) to rtexit2.o(.ARM.Collect$$rtexit$$00000004) for __rt_exit_exit
    rtexit.o(.ARM.Collect$$rtexit$$00000000) refers (Special) to rtexit2.o(.ARM.Collect$$rtexit$$00000003) for __rt_exit_ls
    rtexit.o(.ARM.Collect$$rtexit$$00000000) refers (Special) to rtexit2.o(.ARM.Collect$$rtexit$$00000002) for __rt_exit_prels_1
    rtexit.o(.ARM.exidx) refers (Special) to rtexit2.o(.ARM.Collect$$rtexit$$00000004) for __rt_exit_exit
    rtexit.o(.ARM.exidx) refers (Special) to rtexit2.o(.ARM.Collect$$rtexit$$00000003) for __rt_exit_ls
    rtexit.o(.ARM.exidx) refers (Special) to rtexit2.o(.ARM.Collect$$rtexit$$00000002) for __rt_exit_prels_1
    rtexit.o(.ARM.exidx) refers to rtexit.o(.ARM.Collect$$rtexit$$00000000) for .ARM.Collect$$rtexit$$00000000
    __raise.o(.text) refers to defsig.o(CL$$defsig) for __default_signal_handler
    defsig_general.o(.text) refers to usart.o(i._ttywrch) for _ttywrch
    defsig_fpe_inner.o(.text) refers to defsig_general.o(.text) for __default_signal_display
    argv_veneer.o(.emb_text) refers to no_argv.o(.text) for __ARM_get_argv
    rtexit2.o(.ARM.Collect$$rtexit$$00000003) refers to libshutdown.o(.ARM.Collect$$libshutdown$$00000000) for __rt_lib_shutdown
    rtexit2.o(.ARM.Collect$$rtexit$$00000004) refers to usart.o(i._sys_exit) for _sys_exit
    rtexit2.o(.ARM.exidx) refers to rtexit2.o(.ARM.Collect$$rtexit$$00000001) for .ARM.Collect$$rtexit$$00000001
    rtexit2.o(.ARM.exidx) refers to rtexit2.o(.ARM.Collect$$rtexit$$00000003) for .ARM.Collect$$rtexit$$00000003
    rtexit2.o(.ARM.exidx) refers to rtexit2.o(.ARM.Collect$$rtexit$$00000004) for .ARM.Collect$$rtexit$$00000004
    defsig.o(CL$$defsig) refers to defsig_abrt_inner.o(.text) for __rt_SIGABRT_inner
    defsig.o(CL$$defsig) refers to defsig_fpe_inner.o(.text) for __rt_SIGFPE_inner
    defsig.o(CL$$defsig) refers to defsig_rtmem_inner.o(.text) for __rt_SIGRTMEM_inner
    _get_argv_nomalloc.o(.text) refers (Special) to hrguard.o(.text) for __heap_region$guard
    _get_argv_nomalloc.o(.text) refers to defsig_rtmem_outer.o(.text) for __rt_SIGRTMEM
    _get_argv_nomalloc.o(.text) refers to usart.o(i._sys_command_string) for _sys_command_string
    defsig_rtred_inner.o(.text) refers to defsig_general.o(.text) for __default_signal_display
    defsig_rtmem_inner.o(.text) refers to defsig_general.o(.text) for __default_signal_display
    defsig_rtmem_outer.o(.text) refers to defsig_rtmem_inner.o(.text) for __rt_SIGRTMEM_inner
    defsig_rtmem_outer.o(.text) refers to defsig_exit.o(.text) for __sig_exit
    defsig_rtmem_formal.o(.text) refers to rt_raise.o(.text) for __rt_raise
    defsig_stak_inner.o(.text) refers to defsig_general.o(.text) for __default_signal_display
    defsig_pvfn_inner.o(.text) refers to defsig_general.o(.text) for __default_signal_display
    defsig_cppl_inner.o(.text) refers to defsig_general.o(.text) for __default_signal_display
    defsig_segv_inner.o(.text) refers to defsig_general.o(.text) for __default_signal_display
    defsig_other.o(.text) refers to defsig_general.o(.text) for __default_signal_display
    libshutdown.o(.ARM.Collect$$libshutdown$$00000000) refers (Special) to libshutdown2.o(.ARM.Collect$$libshutdown$$00000004) for __rt_lib_shutdown_cpp_1
    libshutdown.o(.ARM.Collect$$libshutdown$$00000000) refers (Special) to libshutdown2.o(.ARM.Collect$$libshutdown$$00000002) for __rt_lib_shutdown_fini_1
    libshutdown.o(.ARM.Collect$$libshutdown$$00000000) refers (Special) to libshutdown2.o(.ARM.Collect$$libshutdown$$00000009) for __rt_lib_shutdown_fp_trap_1
    libshutdown.o(.ARM.Collect$$libshutdown$$00000000) refers (Special) to libshutdown2.o(.ARM.Collect$$libshutdown$$00000011) for __rt_lib_shutdown_heap_1
    libshutdown.o(.ARM.Collect$$libshutdown$$00000000) refers (Special) to libshutdown2.o(.ARM.Collect$$libshutdown$$00000012) for __rt_lib_shutdown_return
    libshutdown.o(.ARM.Collect$$libshutdown$$00000000) refers (Special) to libshutdown2.o(.ARM.Collect$$libshutdown$$0000000C) for __rt_lib_shutdown_signal_1
    libshutdown.o(.ARM.Collect$$libshutdown$$00000000) refers (Special) to libshutdown2.o(.ARM.Collect$$libshutdown$$00000006) for __rt_lib_shutdown_stdio_1
    libshutdown.o(.ARM.Collect$$libshutdown$$00000000) refers (Special) to libshutdown2.o(.ARM.Collect$$libshutdown$$0000000E) for __rt_lib_shutdown_user_alloc_1


==============================================================================

Removing Unused input sections from the image.

    Removing main.o(.rev16_text), (4 bytes).
    Removing main.o(.revsh_text), (4 bytes).
    Removing main.o(.rrx_text), (6 bytes).
    Removing main.o(i.dbg_fill_raw_hex), (140 bytes).
    Removing stm32f7xx_it.o(.rev16_text), (4 bytes).
    Removing stm32f7xx_it.o(.revsh_text), (4 bytes).
    Removing stm32f7xx_it.o(.rrx_text), (6 bytes).
    Removing system_stm32f7xx.o(.rev16_text), (4 bytes).
    Removing system_stm32f7xx.o(.revsh_text), (4 bytes).
    Removing system_stm32f7xx.o(.rrx_text), (6 bytes).
    Removing system_stm32f7xx.o(i.SystemCoreClockUpdate), (192 bytes).
    Removing dashboard.o(i.dashboard_append_decode_text_row), (264 bytes).
    Removing delay.o(.rev16_text), (4 bytes).
    Removing delay.o(.revsh_text), (4 bytes).
    Removing delay.o(.rrx_text), (6 bytes).
    Removing delay.o(i.HAL_Delay), (12 bytes).
    Removing sys.o(.rev16_text), (4 bytes).
    Removing sys.o(.revsh_text), (4 bytes).
    Removing sys.o(.rrx_text), (6 bytes).
    Removing sys.o(i.get_dcache_sta), (16 bytes).
    Removing sys.o(i.get_icache_sta), (16 bytes).
    Removing sys.o(i.sys_intx_disable), (4 bytes).
    Removing sys.o(i.sys_intx_enable), (4 bytes).
    Removing sys.o(i.sys_msr_msp), (10 bytes).
    Removing sys.o(i.sys_wfi_set), (4 bytes).
    Removing usart.o(.rev16_text), (4 bytes).
    Removing usart.o(.revsh_text), (4 bytes).
    Removing usart.o(.rrx_text), (6 bytes).
    Removing usart.o(i._sys_command_string), (6 bytes).
    Removing usart.o(i._ttywrch), (4 bytes).
    Removing usart.o(i.usart_rx_byte_hook), (2 bytes).
    Removing malloc.o(.rev16_text), (4 bytes).
    Removing malloc.o(.revsh_text), (4 bytes).
    Removing malloc.o(.rrx_text), (6 bytes).
    Removing malloc.o(i.mymemcpy), (26 bytes).
    Removing malloc.o(i.myrealloc), (68 bytes).
    Removing stm32f7xx_hal.o(.rev16_text), (4 bytes).
    Removing stm32f7xx_hal.o(.revsh_text), (4 bytes).
    Removing stm32f7xx_hal.o(.rrx_text), (6 bytes).
    Removing stm32f7xx_hal.o(i.HAL_DBGMCU_DisableDBGSleepMode), (20 bytes).
    Removing stm32f7xx_hal.o(i.HAL_DBGMCU_DisableDBGStandbyMode), (20 bytes).
    Removing stm32f7xx_hal.o(i.HAL_DBGMCU_DisableDBGStopMode), (20 bytes).
    Removing stm32f7xx_hal.o(i.HAL_DBGMCU_EnableDBGSleepMode), (20 bytes).
    Removing stm32f7xx_hal.o(i.HAL_DBGMCU_EnableDBGStandbyMode), (20 bytes).
    Removing stm32f7xx_hal.o(i.HAL_DBGMCU_EnableDBGStopMode), (20 bytes).
    Removing stm32f7xx_hal.o(i.HAL_DeInit), (68 bytes).
    Removing stm32f7xx_hal.o(i.HAL_Delay), (40 bytes).
    Removing stm32f7xx_hal.o(i.HAL_DisableCompensationCell), (20 bytes).
    Removing stm32f7xx_hal.o(i.HAL_DisableFMCMemorySwapping), (20 bytes).
    Removing stm32f7xx_hal.o(i.HAL_DisableMemorySwappingBank), (20 bytes).
    Removing stm32f7xx_hal.o(i.HAL_EnableCompensationCell), (20 bytes).
    Removing stm32f7xx_hal.o(i.HAL_EnableFMCMemorySwapping), (20 bytes).
    Removing stm32f7xx_hal.o(i.HAL_EnableMemorySwappingBank), (20 bytes).
    Removing stm32f7xx_hal.o(i.HAL_GetDEVID), (16 bytes).
    Removing stm32f7xx_hal.o(i.HAL_GetHalVersion), (8 bytes).
    Removing stm32f7xx_hal.o(i.HAL_GetREVID), (12 bytes).
    Removing stm32f7xx_hal.o(i.HAL_GetTickFreq), (12 bytes).
    Removing stm32f7xx_hal.o(i.HAL_GetTickPrio), (12 bytes).
    Removing stm32f7xx_hal.o(i.HAL_GetUIDw0), (12 bytes).
    Removing stm32f7xx_hal.o(i.HAL_GetUIDw1), (12 bytes).
    Removing stm32f7xx_hal.o(i.HAL_GetUIDw2), (12 bytes).
    Removing stm32f7xx_hal.o(i.HAL_MspDeInit), (2 bytes).
    Removing stm32f7xx_hal.o(i.HAL_ResumeTick), (18 bytes).
    Removing stm32f7xx_hal.o(i.HAL_SetTickFreq), (48 bytes).
    Removing stm32f7xx_hal.o(i.HAL_SuspendTick), (18 bytes).
    Removing stm32f7xx_hal_cortex.o(.rev16_text), (4 bytes).
    Removing stm32f7xx_hal_cortex.o(.revsh_text), (4 bytes).
    Removing stm32f7xx_hal_cortex.o(.rrx_text), (6 bytes).
    Removing stm32f7xx_hal_cortex.o(i.HAL_NVIC_ClearPendingIRQ), (36 bytes).
    Removing stm32f7xx_hal_cortex.o(i.HAL_NVIC_DisableIRQ), (68 bytes).
    Removing stm32f7xx_hal_cortex.o(i.HAL_NVIC_GetActive), (48 bytes).
    Removing stm32f7xx_hal_cortex.o(i.HAL_NVIC_GetPendingIRQ), (48 bytes).
    Removing stm32f7xx_hal_cortex.o(i.HAL_NVIC_GetPriority), (148 bytes).
    Removing stm32f7xx_hal_cortex.o(i.HAL_NVIC_GetPriorityGrouping), (8 bytes).
    Removing stm32f7xx_hal_cortex.o(i.HAL_NVIC_SetPendingIRQ), (36 bytes).
    Removing stm32f7xx_hal_cortex.o(i.HAL_NVIC_SystemReset), (68 bytes).
    Removing stm32f7xx_hal_cortex.o(i.HAL_SYSTICK_CLKSourceConfig), (40 bytes).
    Removing stm32f7xx_hal_cortex.o(i.HAL_SYSTICK_Callback), (2 bytes).
    Removing stm32f7xx_hal_cortex.o(i.HAL_SYSTICK_IRQHandler), (8 bytes).
    Removing stm32f7xx_hal_dma.o(.rev16_text), (4 bytes).
    Removing stm32f7xx_hal_dma.o(.revsh_text), (4 bytes).
    Removing stm32f7xx_hal_dma.o(.rrx_text), (6 bytes).
    Removing stm32f7xx_hal_dma.o(i.DMA_CalcBaseAndBitshift), (52 bytes).
    Removing stm32f7xx_hal_dma.o(i.DMA_CheckFifoParam), (170 bytes).
    Removing stm32f7xx_hal_dma.o(i.DMA_SetConfig), (44 bytes).
    Removing stm32f7xx_hal_dma.o(i.HAL_DMA_DeInit), (110 bytes).
    Removing stm32f7xx_hal_dma.o(i.HAL_DMA_GetState), (8 bytes).
    Removing stm32f7xx_hal_dma.o(i.HAL_DMA_IRQHandler), (576 bytes).
    Removing stm32f7xx_hal_dma.o(i.HAL_DMA_Init), (236 bytes).
    Removing stm32f7xx_hal_dma.o(i.HAL_DMA_PollForTransfer), (346 bytes).
    Removing stm32f7xx_hal_dma.o(i.HAL_DMA_RegisterCallback), (94 bytes).
    Removing stm32f7xx_hal_dma.o(i.HAL_DMA_Start), (102 bytes).
    Removing stm32f7xx_hal_dma.o(i.HAL_DMA_Start_IT), (158 bytes).
    Removing stm32f7xx_hal_dma.o(i.HAL_DMA_UnRegisterCallback), (124 bytes).
    Removing stm32f7xx_hal_dma.o(.constdata), (8 bytes).
    Removing stm32f7xx_hal_dma_ex.o(.rev16_text), (4 bytes).
    Removing stm32f7xx_hal_dma_ex.o(.revsh_text), (4 bytes).
    Removing stm32f7xx_hal_dma_ex.o(.rrx_text), (6 bytes).
    Removing stm32f7xx_hal_dma_ex.o(i.DMA_MultiBufferSetConfig), (32 bytes).
    Removing stm32f7xx_hal_dma_ex.o(i.HAL_DMAEx_ChangeMemory), (18 bytes).
    Removing stm32f7xx_hal_dma_ex.o(i.HAL_DMAEx_MultiBufferStart), (124 bytes).
    Removing stm32f7xx_hal_dma_ex.o(i.HAL_DMAEx_MultiBufferStart_IT), (4036 bytes).
    Removing stm32f7xx_hal_gpio.o(.rev16_text), (4 bytes).
    Removing stm32f7xx_hal_gpio.o(.revsh_text), (4 bytes).
    Removing stm32f7xx_hal_gpio.o(.rrx_text), (6 bytes).
    Removing stm32f7xx_hal_gpio.o(i.HAL_GPIO_DeInit), (384 bytes).
    Removing stm32f7xx_hal_gpio.o(i.HAL_GPIO_EXTI_Callback), (2 bytes).
    Removing stm32f7xx_hal_gpio.o(i.HAL_GPIO_EXTI_IRQHandler), (28 bytes).
    Removing stm32f7xx_hal_gpio.o(i.HAL_GPIO_LockPin), (46 bytes).
    Removing stm32f7xx_hal_pwr.o(.rev16_text), (4 bytes).
    Removing stm32f7xx_hal_pwr.o(.revsh_text), (4 bytes).
    Removing stm32f7xx_hal_pwr.o(.rrx_text), (6 bytes).
    Removing stm32f7xx_hal_pwr.o(i.HAL_PWR_ConfigPVD), (180 bytes).
    Removing stm32f7xx_hal_pwr.o(i.HAL_PWR_DeInit), (28 bytes).
    Removing stm32f7xx_hal_pwr.o(i.HAL_PWR_DisableBkUpAccess), (20 bytes).
    Removing stm32f7xx_hal_pwr.o(i.HAL_PWR_DisablePVD), (20 bytes).
    Removing stm32f7xx_hal_pwr.o(i.HAL_PWR_DisableSEVOnPend), (20 bytes).
    Removing stm32f7xx_hal_pwr.o(i.HAL_PWR_DisableSleepOnExit), (20 bytes).
    Removing stm32f7xx_hal_pwr.o(i.HAL_PWR_DisableWakeUpPin), (16 bytes).
    Removing stm32f7xx_hal_pwr.o(i.HAL_PWR_EnableBkUpAccess), (20 bytes).
    Removing stm32f7xx_hal_pwr.o(i.HAL_PWR_EnablePVD), (20 bytes).
    Removing stm32f7xx_hal_pwr.o(i.HAL_PWR_EnableSEVOnPend), (20 bytes).
    Removing stm32f7xx_hal_pwr.o(i.HAL_PWR_EnableSleepOnExit), (20 bytes).
    Removing stm32f7xx_hal_pwr.o(i.HAL_PWR_EnableWakeUpPin), (40 bytes).
    Removing stm32f7xx_hal_pwr.o(i.HAL_PWR_EnterSLEEPMode), (64 bytes).
    Removing stm32f7xx_hal_pwr.o(i.HAL_PWR_EnterSTANDBYMode), (40 bytes).
    Removing stm32f7xx_hal_pwr.o(i.HAL_PWR_EnterSTOPMode), (100 bytes).
    Removing stm32f7xx_hal_pwr.o(i.HAL_PWR_PVDCallback), (2 bytes).
    Removing stm32f7xx_hal_pwr.o(i.HAL_PWR_PVD_IRQHandler), (32 bytes).
    Removing stm32f7xx_hal_pwr_ex.o(.rev16_text), (4 bytes).
    Removing stm32f7xx_hal_pwr_ex.o(.revsh_text), (4 bytes).
    Removing stm32f7xx_hal_pwr_ex.o(.rrx_text), (6 bytes).
    Removing stm32f7xx_hal_pwr_ex.o(i.HAL_PWREx_ControlVoltageScaling), (236 bytes).
    Removing stm32f7xx_hal_pwr_ex.o(i.HAL_PWREx_DisableBkUpReg), (72 bytes).
    Removing stm32f7xx_hal_pwr_ex.o(i.HAL_PWREx_DisableFlashPowerDown), (20 bytes).
    Removing stm32f7xx_hal_pwr_ex.o(i.HAL_PWREx_DisableLowRegulatorLowVoltage), (20 bytes).
    Removing stm32f7xx_hal_pwr_ex.o(i.HAL_PWREx_DisableMainRegulatorLowVoltage), (20 bytes).
    Removing stm32f7xx_hal_pwr_ex.o(i.HAL_PWREx_DisableOverDrive), (144 bytes).
    Removing stm32f7xx_hal_pwr_ex.o(i.HAL_PWREx_EnableBkUpReg), (72 bytes).
    Removing stm32f7xx_hal_pwr_ex.o(i.HAL_PWREx_EnableFlashPowerDown), (20 bytes).
    Removing stm32f7xx_hal_pwr_ex.o(i.HAL_PWREx_EnableLowRegulatorLowVoltage), (20 bytes).
    Removing stm32f7xx_hal_pwr_ex.o(i.HAL_PWREx_EnableMainRegulatorLowVoltage), (20 bytes).
    Removing stm32f7xx_hal_pwr_ex.o(i.HAL_PWREx_EnterUnderDriveSTOPMode), (164 bytes).
    Removing stm32f7xx_hal_pwr_ex.o(i.HAL_PWREx_GetVoltageRange), (16 bytes).
    Removing stm32f7xx_hal_rcc.o(.rev16_text), (4 bytes).
    Removing stm32f7xx_hal_rcc.o(.revsh_text), (4 bytes).
    Removing stm32f7xx_hal_rcc.o(.rrx_text), (6 bytes).
    Removing stm32f7xx_hal_rcc.o(i.HAL_RCC_CSSCallback), (2 bytes).
    Removing stm32f7xx_hal_rcc.o(i.HAL_RCC_DeInit), (412 bytes).
    Removing stm32f7xx_hal_rcc.o(i.HAL_RCC_DisableCSS), (20 bytes).
    Removing stm32f7xx_hal_rcc.o(i.HAL_RCC_EnableCSS), (20 bytes).
    Removing stm32f7xx_hal_rcc.o(i.HAL_RCC_GetClockConfig), (68 bytes).
    Removing stm32f7xx_hal_rcc.o(i.HAL_RCC_GetOscConfig), (268 bytes).
    Removing stm32f7xx_hal_rcc.o(i.HAL_RCC_MCOConfig), (184 bytes).
    Removing stm32f7xx_hal_rcc.o(i.HAL_RCC_NMI_IRQHandler), (32 bytes).
    Removing stm32f7xx_hal_rcc_ex.o(.rev16_text), (4 bytes).
    Removing stm32f7xx_hal_rcc_ex.o(.revsh_text), (4 bytes).
    Removing stm32f7xx_hal_rcc_ex.o(.rrx_text), (6 bytes).
    Removing stm32f7xx_hal_rcc_ex.o(i.HAL_RCCEx_DisablePLLI2S), (56 bytes).
    Removing stm32f7xx_hal_rcc_ex.o(i.HAL_RCCEx_DisablePLLSAI), (56 bytes).
    Removing stm32f7xx_hal_rcc_ex.o(i.HAL_RCCEx_EnablePLLI2S), (132 bytes).
    Removing stm32f7xx_hal_rcc_ex.o(i.HAL_RCCEx_EnablePLLSAI), (132 bytes).
    Removing stm32f7xx_hal_rcc_ex.o(i.HAL_RCCEx_GetPeriphCLKConfig), (456 bytes).
    Removing stm32f7xx_hal_rcc_ex.o(i.HAL_RCCEx_GetPeriphCLKFreq), (516 bytes).
    Removing stm32f7xx_hal_uart.o(.rev16_text), (4 bytes).
    Removing stm32f7xx_hal_uart.o(.revsh_text), (4 bytes).
    Removing stm32f7xx_hal_uart.o(.rrx_text), (6 bytes).
    Removing stm32f7xx_hal_uart.o(i.HAL_HalfDuplex_EnableReceiver), (70 bytes).
    Removing stm32f7xx_hal_uart.o(i.HAL_HalfDuplex_EnableTransmitter), (70 bytes).
    Removing stm32f7xx_hal_uart.o(i.HAL_HalfDuplex_Init), (120 bytes).
    Removing stm32f7xx_hal_uart.o(i.HAL_LIN_Init), (156 bytes).
    Removing stm32f7xx_hal_uart.o(i.HAL_LIN_SendBreak), (58 bytes).
    Removing stm32f7xx_hal_uart.o(i.HAL_MultiProcessor_DisableMuteMode), (54 bytes).
    Removing stm32f7xx_hal_uart.o(i.HAL_MultiProcessor_EnableMuteMode), (54 bytes).
    Removing stm32f7xx_hal_uart.o(i.HAL_MultiProcessor_EnterMuteMode), (14 bytes).
    Removing stm32f7xx_hal_uart.o(i.HAL_MultiProcessor_Init), (144 bytes).
    Removing stm32f7xx_hal_uart.o(i.HAL_UART_Abort), (190 bytes).
    Removing stm32f7xx_hal_uart.o(i.HAL_UART_AbortCpltCallback), (2 bytes).
    Removing stm32f7xx_hal_uart.o(i.HAL_UART_AbortReceiveCpltCallback), (2 bytes).
    Removing stm32f7xx_hal_uart.o(i.HAL_UART_AbortReceive_IT), (148 bytes).
    Removing stm32f7xx_hal_uart.o(i.HAL_UART_AbortTransmit), (90 bytes).
    Removing stm32f7xx_hal_uart.o(i.HAL_UART_AbortTransmitCpltCallback), (2 bytes).
    Removing stm32f7xx_hal_uart.o(i.HAL_UART_AbortTransmit_IT), (112 bytes).
    Removing stm32f7xx_hal_uart.o(i.HAL_UART_Abort_IT), (248 bytes).
    Removing stm32f7xx_hal_uart.o(i.HAL_UART_DMAPause), (124 bytes).
    Removing stm32f7xx_hal_uart.o(i.HAL_UART_DMAResume), (104 bytes).
    Removing stm32f7xx_hal_uart.o(i.HAL_UART_DMAStop), (140 bytes).
    Removing stm32f7xx_hal_uart.o(i.HAL_UART_DeInit), (66 bytes).
    Removing stm32f7xx_hal_uart.o(i.HAL_UART_DisableReceiverTimeout), (66 bytes).
    Removing stm32f7xx_hal_uart.o(i.HAL_UART_EnableReceiverTimeout), (66 bytes).
    Removing stm32f7xx_hal_uart.o(i.HAL_UART_ErrorCallback), (2 bytes).
    Removing stm32f7xx_hal_uart.o(i.HAL_UART_GetError), (6 bytes).
    Removing stm32f7xx_hal_uart.o(i.HAL_UART_GetState), (12 bytes).
    Removing stm32f7xx_hal_uart.o(i.HAL_UART_MspDeInit), (2 bytes).
    Removing stm32f7xx_hal_uart.o(i.HAL_UART_MspInit), (2 bytes).
    Removing stm32f7xx_hal_uart.o(i.HAL_UART_Receive), (292 bytes).
    Removing stm32f7xx_hal_uart.o(i.HAL_UART_Receive_DMA), (192 bytes).
    Removing stm32f7xx_hal_uart.o(i.HAL_UART_ReceiverTimeout_Config), (16 bytes).
    Removing stm32f7xx_hal_uart.o(i.HAL_UART_RxCpltCallback), (2 bytes).
    Removing stm32f7xx_hal_uart.o(i.HAL_UART_RxHalfCpltCallback), (2 bytes).
    Removing stm32f7xx_hal_uart.o(i.HAL_UART_Transmit), (210 bytes).
    Removing stm32f7xx_hal_uart.o(i.HAL_UART_Transmit_DMA), (180 bytes).
    Removing stm32f7xx_hal_uart.o(i.HAL_UART_Transmit_IT), (120 bytes).
    Removing stm32f7xx_hal_uart.o(i.HAL_UART_TxHalfCpltCallback), (2 bytes).
    Removing stm32f7xx_hal_uart.o(i.UART_DMAError), (86 bytes).
    Removing stm32f7xx_hal_uart.o(i.UART_DMAReceiveCplt), (68 bytes).
    Removing stm32f7xx_hal_uart.o(i.UART_DMARxAbortCallback), (70 bytes).
    Removing stm32f7xx_hal_uart.o(i.UART_DMARxHalfCplt), (14 bytes).
    Removing stm32f7xx_hal_uart.o(i.UART_DMARxOnlyAbortCallback), (42 bytes).
    Removing stm32f7xx_hal_uart.o(i.UART_DMATransmitCplt), (54 bytes).
    Removing stm32f7xx_hal_uart.o(i.UART_DMATxAbortCallback), (58 bytes).
    Removing stm32f7xx_hal_uart.o(i.UART_DMATxHalfCplt), (14 bytes).
    Removing stm32f7xx_hal_uart.o(i.UART_DMATxOnlyAbortCallback), (24 bytes).
    Removing stm32f7xx_hal_uart.o(i.UART_EndTxTransfer), (18 bytes).
    Removing stm32f7xx_hal_uart.o(i.UART_TxISR_16BIT), (68 bytes).
    Removing stm32f7xx_hal_uart.o(i.UART_TxISR_8BIT), (64 bytes).
    Removing stm32f7xx_hal_uart_ex.o(.rev16_text), (4 bytes).
    Removing stm32f7xx_hal_uart_ex.o(.revsh_text), (4 bytes).
    Removing stm32f7xx_hal_uart_ex.o(.rrx_text), (6 bytes).
    Removing stm32f7xx_hal_uart_ex.o(i.HAL_MultiProcessorEx_AddressLength_Set), (62 bytes).
    Removing stm32f7xx_hal_uart_ex.o(i.HAL_RS485Ex_Init), (148 bytes).
    Removing stm32f7xx_hal_uart_ex.o(i.HAL_UARTEx_DisableClockStopMode), (50 bytes).
    Removing stm32f7xx_hal_uart_ex.o(i.HAL_UARTEx_DisableStopMode), (50 bytes).
    Removing stm32f7xx_hal_uart_ex.o(i.HAL_UARTEx_EnableClockStopMode), (50 bytes).
    Removing stm32f7xx_hal_uart_ex.o(i.HAL_UARTEx_EnableStopMode), (50 bytes).
    Removing stm32f7xx_hal_uart_ex.o(i.HAL_UARTEx_StopModeWakeUpSourceConfig), (140 bytes).
    Removing stm32f7xx_hal_uart_ex.o(i.UARTEx_Wakeup_AddressConfig), (38 bytes).
    Removing stm32f7xx_hal_usart.o(.rev16_text), (4 bytes).
    Removing stm32f7xx_hal_usart.o(.revsh_text), (4 bytes).
    Removing stm32f7xx_hal_usart.o(.rrx_text), (6 bytes).
    Removing stm32f7xx_hal_usart.o(i.HAL_USART_Abort), (186 bytes).
    Removing stm32f7xx_hal_usart.o(i.HAL_USART_AbortCpltCallback), (2 bytes).
    Removing stm32f7xx_hal_usart.o(i.HAL_USART_Abort_IT), (240 bytes).
    Removing stm32f7xx_hal_usart.o(i.HAL_USART_DMAPause), (152 bytes).
    Removing stm32f7xx_hal_usart.o(i.HAL_USART_DMAResume), (122 bytes).
    Removing stm32f7xx_hal_usart.o(i.HAL_USART_DMAStop), (104 bytes).
    Removing stm32f7xx_hal_usart.o(i.HAL_USART_DeInit), (56 bytes).
    Removing stm32f7xx_hal_usart.o(i.HAL_USART_ErrorCallback), (2 bytes).
    Removing stm32f7xx_hal_usart.o(i.HAL_USART_GetError), (6 bytes).
    Removing stm32f7xx_hal_usart.o(i.HAL_USART_GetState), (8 bytes).
    Removing stm32f7xx_hal_usart.o(i.HAL_USART_IRQHandler), (424 bytes).
    Removing stm32f7xx_hal_usart.o(i.HAL_USART_Init), (102 bytes).
    Removing stm32f7xx_hal_usart.o(i.HAL_USART_MspDeInit), (2 bytes).
    Removing stm32f7xx_hal_usart.o(i.HAL_USART_MspInit), (2 bytes).
    Removing stm32f7xx_hal_usart.o(i.HAL_USART_Receive), (300 bytes).
    Removing stm32f7xx_hal_usart.o(i.HAL_USART_Receive_DMA), (264 bytes).
    Removing stm32f7xx_hal_usart.o(i.HAL_USART_Receive_IT), (220 bytes).
    Removing stm32f7xx_hal_usart.o(i.HAL_USART_RxCpltCallback), (2 bytes).
    Removing stm32f7xx_hal_usart.o(i.HAL_USART_RxHalfCpltCallback), (2 bytes).
    Removing stm32f7xx_hal_usart.o(i.HAL_USART_Transmit), (240 bytes).
    Removing stm32f7xx_hal_usart.o(i.HAL_USART_TransmitReceive), (446 bytes).
    Removing stm32f7xx_hal_usart.o(i.HAL_USART_TransmitReceive_DMA), (300 bytes).
    Removing stm32f7xx_hal_usart.o(i.HAL_USART_TransmitReceive_IT), (244 bytes).
    Removing stm32f7xx_hal_usart.o(i.HAL_USART_Transmit_DMA), (180 bytes).
    Removing stm32f7xx_hal_usart.o(i.HAL_USART_Transmit_IT), (120 bytes).
    Removing stm32f7xx_hal_usart.o(i.HAL_USART_TxCpltCallback), (2 bytes).
    Removing stm32f7xx_hal_usart.o(i.HAL_USART_TxHalfCpltCallback), (2 bytes).
    Removing stm32f7xx_hal_usart.o(i.HAL_USART_TxRxCpltCallback), (2 bytes).
    Removing stm32f7xx_hal_usart.o(i.USART_CheckIdleState), (110 bytes).
    Removing stm32f7xx_hal_usart.o(i.USART_DMAAbortOnError), (20 bytes).
    Removing stm32f7xx_hal_usart.o(i.USART_DMAError), (40 bytes).
    Removing stm32f7xx_hal_usart.o(i.USART_DMAReceiveCplt), (120 bytes).
    Removing stm32f7xx_hal_usart.o(i.USART_DMARxAbortCallback), (54 bytes).
    Removing stm32f7xx_hal_usart.o(i.USART_DMARxHalfCplt), (14 bytes).
    Removing stm32f7xx_hal_usart.o(i.USART_DMATransmitCplt), (68 bytes).
    Removing stm32f7xx_hal_usart.o(i.USART_DMATxAbortCallback), (54 bytes).
    Removing stm32f7xx_hal_usart.o(i.USART_DMATxHalfCplt), (14 bytes).
    Removing stm32f7xx_hal_usart.o(i.USART_EndTransfer), (32 bytes).
    Removing stm32f7xx_hal_usart.o(i.USART_EndTransmit_IT), (90 bytes).
    Removing stm32f7xx_hal_usart.o(i.USART_RxISR_16BIT), (140 bytes).
    Removing stm32f7xx_hal_usart.o(i.USART_RxISR_8BIT), (138 bytes).
    Removing stm32f7xx_hal_usart.o(i.USART_SetConfig), (504 bytes).
    Removing stm32f7xx_hal_usart.o(i.USART_TxISR_16BIT), (70 bytes).
    Removing stm32f7xx_hal_usart.o(i.USART_TxISR_8BIT), (64 bytes).
    Removing stm32f7xx_hal_usart.o(i.USART_WaitOnFlagUntilTimeout), (80 bytes).
    Removing stm32f7xx_hal_sram.o(.rev16_text), (4 bytes).
    Removing stm32f7xx_hal_sram.o(.revsh_text), (4 bytes).
    Removing stm32f7xx_hal_sram.o(.rrx_text), (6 bytes).
    Removing stm32f7xx_hal_sram.o(i.HAL_SRAM_DMA_XferCpltCallback), (2 bytes).
    Removing stm32f7xx_hal_sram.o(i.HAL_SRAM_DMA_XferErrorCallback), (2 bytes).
    Removing stm32f7xx_hal_sram.o(i.HAL_SRAM_DeInit), (34 bytes).
    Removing stm32f7xx_hal_sram.o(i.HAL_SRAM_GetState), (8 bytes).
    Removing stm32f7xx_hal_sram.o(i.HAL_SRAM_MspDeInit), (2 bytes).
    Removing stm32f7xx_hal_sram.o(i.HAL_SRAM_MspInit), (2 bytes).
    Removing stm32f7xx_hal_sram.o(i.HAL_SRAM_Read_16b), (70 bytes).
    Removing stm32f7xx_hal_sram.o(i.HAL_SRAM_Read_32b), (68 bytes).
    Removing stm32f7xx_hal_sram.o(i.HAL_SRAM_Read_8b), (70 bytes).
    Removing stm32f7xx_hal_sram.o(i.HAL_SRAM_Read_DMA), (96 bytes).
    Removing stm32f7xx_hal_sram.o(i.HAL_SRAM_WriteOperation_Disable), (60 bytes).
    Removing stm32f7xx_hal_sram.o(i.HAL_SRAM_WriteOperation_Enable), (54 bytes).
    Removing stm32f7xx_hal_sram.o(i.HAL_SRAM_Write_16b), (82 bytes).
    Removing stm32f7xx_hal_sram.o(i.HAL_SRAM_Write_32b), (80 bytes).
    Removing stm32f7xx_hal_sram.o(i.HAL_SRAM_Write_8b), (82 bytes).
    Removing stm32f7xx_hal_sram.o(i.HAL_SRAM_Write_DMA), (108 bytes).
    Removing stm32f7xx_hal_nand.o(.rev16_text), (4 bytes).
    Removing stm32f7xx_hal_nand.o(.revsh_text), (4 bytes).
    Removing stm32f7xx_hal_nand.o(.rrx_text), (6 bytes).
    Removing stm32f7xx_hal_nand.o(i.HAL_NAND_Address_Inc), (62 bytes).
    Removing stm32f7xx_hal_nand.o(i.HAL_NAND_ConfigDevice), (36 bytes).
    Removing stm32f7xx_hal_nand.o(i.HAL_NAND_DeInit), (34 bytes).
    Removing stm32f7xx_hal_nand.o(i.HAL_NAND_ECC_Disable), (38 bytes).
    Removing stm32f7xx_hal_nand.o(i.HAL_NAND_ECC_Enable), (38 bytes).
    Removing stm32f7xx_hal_nand.o(i.HAL_NAND_Erase_Block), (240 bytes).
    Removing stm32f7xx_hal_nand.o(i.HAL_NAND_GetECC), (54 bytes).
    Removing stm32f7xx_hal_nand.o(i.HAL_NAND_GetState), (8 bytes).
    Removing stm32f7xx_hal_nand.o(i.HAL_NAND_IRQHandler), (124 bytes).
    Removing stm32f7xx_hal_nand.o(i.HAL_NAND_ITCallback), (2 bytes).
    Removing stm32f7xx_hal_nand.o(i.HAL_NAND_MspDeInit), (2 bytes).
    Removing stm32f7xx_hal_nand.o(i.HAL_NAND_MspInit), (2 bytes).
    Removing stm32f7xx_hal_nand.o(i.HAL_NAND_Read_ID), (182 bytes).
    Removing stm32f7xx_hal_nand.o(i.HAL_NAND_Read_Page_16b), (688 bytes).
    Removing stm32f7xx_hal_nand.o(i.HAL_NAND_Read_Page_8b), (688 bytes).
    Removing stm32f7xx_hal_nand.o(i.HAL_NAND_Read_SpareArea_16b), (728 bytes).
    Removing stm32f7xx_hal_nand.o(i.HAL_NAND_Read_SpareArea_8b), (726 bytes).
    Removing stm32f7xx_hal_nand.o(i.HAL_NAND_Read_Status), (46 bytes).
    Removing stm32f7xx_hal_nand.o(i.HAL_NAND_Reset), (74 bytes).
    Removing stm32f7xx_hal_nand.o(i.HAL_NAND_Write_Page_16b), (696 bytes).
    Removing stm32f7xx_hal_nand.o(i.HAL_NAND_Write_Page_8b), (696 bytes).
    Removing stm32f7xx_hal_nand.o(i.HAL_NAND_Write_SpareArea_16b), (762 bytes).
    Removing stm32f7xx_hal_nand.o(i.HAL_NAND_Write_SpareArea_8b), (760 bytes).
    Removing stm32f7xx_ll_fmc.o(.rev16_text), (4 bytes).
    Removing stm32f7xx_ll_fmc.o(.revsh_text), (4 bytes).
    Removing stm32f7xx_ll_fmc.o(.rrx_text), (6 bytes).
    Removing stm32f7xx_ll_fmc.o(i.FMC_NAND_DeInit), (30 bytes).
    Removing stm32f7xx_ll_fmc.o(i.FMC_NAND_ECC_Disable), (14 bytes).
    Removing stm32f7xx_ll_fmc.o(i.FMC_NAND_ECC_Enable), (14 bytes).
    Removing stm32f7xx_ll_fmc.o(i.FMC_NAND_GetECC), (62 bytes).
    Removing stm32f7xx_ll_fmc.o(i.FMC_NORSRAM_DeInit), (56 bytes).
    Removing stm32f7xx_ll_fmc.o(i.FMC_NORSRAM_WriteOperation_Disable), (18 bytes).
    Removing stm32f7xx_ll_fmc.o(i.FMC_NORSRAM_WriteOperation_Enable), (18 bytes).
    Removing stm32f7xx_ll_fmc.o(i.FMC_SDRAM_DeInit), (32 bytes).
    Removing stm32f7xx_ll_fmc.o(i.FMC_SDRAM_GetModeStatus), (24 bytes).
    Removing stm32f7xx_ll_fmc.o(i.FMC_SDRAM_SetAutoRefreshNumber), (14 bytes).
    Removing stm32f7xx_ll_fmc.o(i.FMC_SDRAM_WriteProtection_Disable), (18 bytes).
    Removing stm32f7xx_ll_fmc.o(i.FMC_SDRAM_WriteProtection_Enable), (18 bytes).
    Removing stm32f7xx_hal_tim.o(.rev16_text), (4 bytes).
    Removing stm32f7xx_hal_tim.o(.revsh_text), (4 bytes).
    Removing stm32f7xx_hal_tim.o(.rrx_text), (6 bytes).
    Removing stm32f7xx_hal_tim.o(i.HAL_TIM_Base_DeInit), (70 bytes).
    Removing stm32f7xx_hal_tim.o(i.HAL_TIM_Base_GetState), (8 bytes).
    Removing stm32f7xx_hal_tim.o(i.HAL_TIM_Base_MspDeInit), (2 bytes).
    Removing stm32f7xx_hal_tim.o(i.HAL_TIM_Base_MspInit), (2 bytes).
    Removing stm32f7xx_hal_tim.o(i.HAL_TIM_Base_Start), (56 bytes).
    Removing stm32f7xx_hal_tim.o(i.HAL_TIM_Base_Start_DMA), (148 bytes).
    Removing stm32f7xx_hal_tim.o(i.HAL_TIM_Base_Stop), (56 bytes).
    Removing stm32f7xx_hal_tim.o(i.HAL_TIM_Base_Stop_DMA), (70 bytes).
    Removing stm32f7xx_hal_tim.o(i.HAL_TIM_Base_Stop_IT), (56 bytes).
    Removing stm32f7xx_hal_tim.o(i.HAL_TIM_ConfigClockSource), (268 bytes).
    Removing stm32f7xx_hal_tim.o(i.HAL_TIM_ConfigOCrefClear), (346 bytes).
    Removing stm32f7xx_hal_tim.o(i.HAL_TIM_ConfigTI1Input), (22 bytes).
    Removing stm32f7xx_hal_tim.o(i.HAL_TIM_DMABurst_ReadStart), (488 bytes).
    Removing stm32f7xx_hal_tim.o(i.HAL_TIM_DMABurst_ReadStop), (146 bytes).
    Removing stm32f7xx_hal_tim.o(i.HAL_TIM_DMABurst_WriteStart), (488 bytes).
    Removing stm32f7xx_hal_tim.o(i.HAL_TIM_DMABurst_WriteStop), (146 bytes).
    Removing stm32f7xx_hal_tim.o(i.HAL_TIM_Encoder_DeInit), (70 bytes).
    Removing stm32f7xx_hal_tim.o(i.HAL_TIM_Encoder_GetState), (8 bytes).
    Removing stm32f7xx_hal_tim.o(i.HAL_TIM_Encoder_Init), (176 bytes).
    Removing stm32f7xx_hal_tim.o(i.HAL_TIM_Encoder_MspDeInit), (2 bytes).
    Removing stm32f7xx_hal_tim.o(i.HAL_TIM_Encoder_MspInit), (2 bytes).
    Removing stm32f7xx_hal_tim.o(i.HAL_TIM_Encoder_Start), (78 bytes).
    Removing stm32f7xx_hal_tim.o(i.HAL_TIM_Encoder_Start_DMA), (380 bytes).
    Removing stm32f7xx_hal_tim.o(i.HAL_TIM_Encoder_Start_IT), (126 bytes).
    Removing stm32f7xx_hal_tim.o(i.HAL_TIM_Encoder_Stop), (104 bytes).
    Removing stm32f7xx_hal_tim.o(i.HAL_TIM_Encoder_Stop_DMA), (176 bytes).
    Removing stm32f7xx_hal_tim.o(i.HAL_TIM_Encoder_Stop_IT), (152 bytes).
    Removing stm32f7xx_hal_tim.o(i.HAL_TIM_ErrorCallback), (2 bytes).
    Removing stm32f7xx_hal_tim.o(i.HAL_TIM_GenerateEvent), (54 bytes).
    Removing stm32f7xx_hal_tim.o(i.HAL_TIM_IC_CaptureHalfCpltCallback), (2 bytes).
    Removing stm32f7xx_hal_tim.o(i.HAL_TIM_IC_ConfigChannel), (224 bytes).
    Removing stm32f7xx_hal_tim.o(i.HAL_TIM_IC_DeInit), (70 bytes).
    Removing stm32f7xx_hal_tim.o(i.HAL_TIM_IC_GetState), (8 bytes).
    Removing stm32f7xx_hal_tim.o(i.HAL_TIM_IC_Init), (52 bytes).
    Removing stm32f7xx_hal_tim.o(i.HAL_TIM_IC_MspDeInit), (2 bytes).
    Removing stm32f7xx_hal_tim.o(i.HAL_TIM_IC_MspInit), (2 bytes).
    Removing stm32f7xx_hal_tim.o(i.HAL_TIM_IC_Start), (56 bytes).
    Removing stm32f7xx_hal_tim.o(i.HAL_TIM_IC_Start_DMA), (348 bytes).
    Removing stm32f7xx_hal_tim.o(i.HAL_TIM_IC_Start_IT), (132 bytes).
    Removing stm32f7xx_hal_tim.o(i.HAL_TIM_IC_Stop), (58 bytes).
    Removing stm32f7xx_hal_tim.o(i.HAL_TIM_IC_Stop_DMA), (164 bytes).
    Removing stm32f7xx_hal_tim.o(i.HAL_TIM_IC_Stop_IT), (134 bytes).
    Removing stm32f7xx_hal_tim.o(i.HAL_TIM_OC_ConfigChannel), (148 bytes).
    Removing stm32f7xx_hal_tim.o(i.HAL_TIM_OC_DeInit), (70 bytes).
    Removing stm32f7xx_hal_tim.o(i.HAL_TIM_OC_GetState), (8 bytes).
    Removing stm32f7xx_hal_tim.o(i.HAL_TIM_OC_Init), (52 bytes).
    Removing stm32f7xx_hal_tim.o(i.HAL_TIM_OC_MspDeInit), (2 bytes).
    Removing stm32f7xx_hal_tim.o(i.HAL_TIM_OC_MspInit), (2 bytes).
    Removing stm32f7xx_hal_tim.o(i.HAL_TIM_OC_Start), (100 bytes).
    Removing stm32f7xx_hal_tim.o(i.HAL_TIM_OC_Start_DMA), (392 bytes).
    Removing stm32f7xx_hal_tim.o(i.HAL_TIM_OC_Start_IT), (176 bytes).
    Removing stm32f7xx_hal_tim.o(i.HAL_TIM_OC_Stop), (128 bytes).
    Removing stm32f7xx_hal_tim.o(i.HAL_TIM_OC_Stop_DMA), (236 bytes).
    Removing stm32f7xx_hal_tim.o(i.HAL_TIM_OC_Stop_IT), (204 bytes).
    Removing stm32f7xx_hal_tim.o(i.HAL_TIM_OnePulse_ConfigChannel), (292 bytes).
    Removing stm32f7xx_hal_tim.o(i.HAL_TIM_OnePulse_DeInit), (70 bytes).
    Removing stm32f7xx_hal_tim.o(i.HAL_TIM_OnePulse_GetState), (8 bytes).
    Removing stm32f7xx_hal_tim.o(i.HAL_TIM_OnePulse_Init), (76 bytes).
    Removing stm32f7xx_hal_tim.o(i.HAL_TIM_OnePulse_MspDeInit), (2 bytes).
    Removing stm32f7xx_hal_tim.o(i.HAL_TIM_OnePulse_MspInit), (2 bytes).
    Removing stm32f7xx_hal_tim.o(i.HAL_TIM_OnePulse_Start), (76 bytes).
    Removing stm32f7xx_hal_tim.o(i.HAL_TIM_OnePulse_Start_IT), (100 bytes).
    Removing stm32f7xx_hal_tim.o(i.HAL_TIM_OnePulse_Stop), (140 bytes).
    Removing stm32f7xx_hal_tim.o(i.HAL_TIM_OnePulse_Stop_IT), (164 bytes).
    Removing stm32f7xx_hal_tim.o(i.HAL_TIM_PWM_ConfigChannel), (372 bytes).
    Removing stm32f7xx_hal_tim.o(i.HAL_TIM_PWM_DeInit), (70 bytes).
    Removing stm32f7xx_hal_tim.o(i.HAL_TIM_PWM_GetState), (8 bytes).
    Removing stm32f7xx_hal_tim.o(i.HAL_TIM_PWM_Init), (52 bytes).
    Removing stm32f7xx_hal_tim.o(i.HAL_TIM_PWM_MspDeInit), (2 bytes).
    Removing stm32f7xx_hal_tim.o(i.HAL_TIM_PWM_MspInit), (2 bytes).
    Removing stm32f7xx_hal_tim.o(i.HAL_TIM_PWM_PulseFinishedHalfCpltCallback), (2 bytes).
    Removing stm32f7xx_hal_tim.o(i.HAL_TIM_PWM_Start), (100 bytes).
    Removing stm32f7xx_hal_tim.o(i.HAL_TIM_PWM_Start_DMA), (392 bytes).
    Removing stm32f7xx_hal_tim.o(i.HAL_TIM_PWM_Start_IT), (176 bytes).
    Removing stm32f7xx_hal_tim.o(i.HAL_TIM_PWM_Stop), (136 bytes).
    Removing stm32f7xx_hal_tim.o(i.HAL_TIM_PWM_Stop_DMA), (236 bytes).
    Removing stm32f7xx_hal_tim.o(i.HAL_TIM_PWM_Stop_IT), (204 bytes).
    Removing stm32f7xx_hal_tim.o(i.HAL_TIM_PeriodElapsedCallback), (2 bytes).
    Removing stm32f7xx_hal_tim.o(i.HAL_TIM_PeriodElapsedHalfCpltCallback), (2 bytes).
    Removing stm32f7xx_hal_tim.o(i.HAL_TIM_ReadCapturedValue), (50 bytes).
    Removing stm32f7xx_hal_tim.o(i.HAL_TIM_SlaveConfigSynchro), (108 bytes).
    Removing stm32f7xx_hal_tim.o(i.HAL_TIM_SlaveConfigSynchro_IT), (108 bytes).
    Removing stm32f7xx_hal_tim.o(i.HAL_TIM_TriggerHalfCpltCallback), (2 bytes).
    Removing stm32f7xx_hal_tim.o(i.TIM_CCxChannelCmd), (34 bytes).
    Removing stm32f7xx_hal_tim.o(i.TIM_DMACaptureCplt), (70 bytes).
    Removing stm32f7xx_hal_tim.o(i.TIM_DMACaptureHalfCplt), (70 bytes).
    Removing stm32f7xx_hal_tim.o(i.TIM_DMADelayPulseCplt), (70 bytes).
    Removing stm32f7xx_hal_tim.o(i.TIM_DMADelayPulseHalfCplt), (70 bytes).
    Removing stm32f7xx_hal_tim.o(i.TIM_DMAError), (20 bytes).
    Removing stm32f7xx_hal_tim.o(i.TIM_DMAPeriodElapsedCplt), (20 bytes).
    Removing stm32f7xx_hal_tim.o(i.TIM_DMAPeriodElapsedHalfCplt), (20 bytes).
    Removing stm32f7xx_hal_tim.o(i.TIM_DMATriggerCplt), (20 bytes).
    Removing stm32f7xx_hal_tim.o(i.TIM_DMATriggerHalfCplt), (20 bytes).
    Removing stm32f7xx_hal_tim.o(i.TIM_ETR_SetConfig), (22 bytes).
    Removing stm32f7xx_hal_tim.o(i.TIM_ITRx_SetConfig), (18 bytes).
    Removing stm32f7xx_hal_tim.o(i.TIM_OC1_SetConfig), (116 bytes).
    Removing stm32f7xx_hal_tim.o(i.TIM_OC2_SetConfig), (128 bytes).
    Removing stm32f7xx_hal_tim.o(i.TIM_OC3_SetConfig), (124 bytes).
    Removing stm32f7xx_hal_tim.o(i.TIM_OC4_SetConfig), (88 bytes).
    Removing stm32f7xx_hal_tim.o(i.TIM_OC5_SetConfig), (80 bytes).
    Removing stm32f7xx_hal_tim.o(i.TIM_OC6_SetConfig), (84 bytes).
    Removing stm32f7xx_hal_tim.o(i.TIM_SlaveTimer_SetConfig), (176 bytes).
    Removing stm32f7xx_hal_tim.o(i.TIM_TI1_ConfigInputStage), (38 bytes).
    Removing stm32f7xx_hal_tim.o(i.TIM_TI1_SetConfig), (144 bytes).
    Removing stm32f7xx_hal_tim.o(i.TIM_TI2_ConfigInputStage), (40 bytes).
    Removing stm32f7xx_hal_tim.o(i.TIM_TI2_SetConfig), (58 bytes).
    Removing stm32f7xx_hal_tim.o(i.TIM_TI3_SetConfig), (56 bytes).
    Removing stm32f7xx_hal_tim.o(i.TIM_TI4_SetConfig), (60 bytes).
    Removing stm32f7xx_hal_tim_ex.o(.rev16_text), (4 bytes).
    Removing stm32f7xx_hal_tim_ex.o(.revsh_text), (4 bytes).
    Removing stm32f7xx_hal_tim_ex.o(.rrx_text), (6 bytes).
    Removing stm32f7xx_hal_tim_ex.o(i.HAL_TIMEx_CommutHalfCpltCallback), (2 bytes).
    Removing stm32f7xx_hal_tim_ex.o(i.HAL_TIMEx_ConfigBreakDeadTime), (180 bytes).
    Removing stm32f7xx_hal_tim_ex.o(i.HAL_TIMEx_ConfigBreakInput), (186 bytes).
    Removing stm32f7xx_hal_tim_ex.o(i.HAL_TIMEx_ConfigCommutEvent), (134 bytes).
    Removing stm32f7xx_hal_tim_ex.o(i.HAL_TIMEx_ConfigCommutEvent_DMA), (164 bytes).
    Removing stm32f7xx_hal_tim_ex.o(i.HAL_TIMEx_ConfigCommutEvent_IT), (134 bytes).
    Removing stm32f7xx_hal_tim_ex.o(i.HAL_TIMEx_GroupChannel5), (72 bytes).
    Removing stm32f7xx_hal_tim_ex.o(i.HAL_TIMEx_HallSensor_DeInit), (70 bytes).
    Removing stm32f7xx_hal_tim_ex.o(i.HAL_TIMEx_HallSensor_GetState), (8 bytes).
    Removing stm32f7xx_hal_tim_ex.o(i.HAL_TIMEx_HallSensor_Init), (212 bytes).
    Removing stm32f7xx_hal_tim_ex.o(i.HAL_TIMEx_HallSensor_MspDeInit), (2 bytes).
    Removing stm32f7xx_hal_tim_ex.o(i.HAL_TIMEx_HallSensor_MspInit), (2 bytes).
    Removing stm32f7xx_hal_tim_ex.o(i.HAL_TIMEx_HallSensor_Start), (56 bytes).
    Removing stm32f7xx_hal_tim_ex.o(i.HAL_TIMEx_HallSensor_Start_DMA), (156 bytes).
    Removing stm32f7xx_hal_tim_ex.o(i.HAL_TIMEx_HallSensor_Start_IT), (68 bytes).
    Removing stm32f7xx_hal_tim_ex.o(i.HAL_TIMEx_HallSensor_Stop), (56 bytes).
    Removing stm32f7xx_hal_tim_ex.o(i.HAL_TIMEx_HallSensor_Stop_DMA), (74 bytes).
    Removing stm32f7xx_hal_tim_ex.o(i.HAL_TIMEx_HallSensor_Stop_IT), (68 bytes).
    Removing stm32f7xx_hal_tim_ex.o(i.HAL_TIMEx_MasterConfigSynchronization), (204 bytes).
    Removing stm32f7xx_hal_tim_ex.o(i.HAL_TIMEx_OCN_Start), (68 bytes).
    Removing stm32f7xx_hal_tim_ex.o(i.HAL_TIMEx_OCN_Start_DMA), (300 bytes).
    Removing stm32f7xx_hal_tim_ex.o(i.HAL_TIMEx_OCN_Start_IT), (140 bytes).
    Removing stm32f7xx_hal_tim_ex.o(i.HAL_TIMEx_OCN_Stop), (96 bytes).
    Removing stm32f7xx_hal_tim_ex.o(i.HAL_TIMEx_OCN_Stop_DMA), (178 bytes).
    Removing stm32f7xx_hal_tim_ex.o(i.HAL_TIMEx_OCN_Stop_IT), (178 bytes).
    Removing stm32f7xx_hal_tim_ex.o(i.HAL_TIMEx_OnePulseN_Start), (32 bytes).
    Removing stm32f7xx_hal_tim_ex.o(i.HAL_TIMEx_OnePulseN_Start_IT), (56 bytes).
    Removing stm32f7xx_hal_tim_ex.o(i.HAL_TIMEx_OnePulseN_Stop), (96 bytes).
    Removing stm32f7xx_hal_tim_ex.o(i.HAL_TIMEx_OnePulseN_Stop_IT), (120 bytes).
    Removing stm32f7xx_hal_tim_ex.o(i.HAL_TIMEx_PWMN_Start), (68 bytes).
    Removing stm32f7xx_hal_tim_ex.o(i.HAL_TIMEx_PWMN_Start_DMA), (300 bytes).
    Removing stm32f7xx_hal_tim_ex.o(i.HAL_TIMEx_PWMN_Start_IT), (140 bytes).
    Removing stm32f7xx_hal_tim_ex.o(i.HAL_TIMEx_PWMN_Stop), (96 bytes).
    Removing stm32f7xx_hal_tim_ex.o(i.HAL_TIMEx_PWMN_Stop_DMA), (178 bytes).
    Removing stm32f7xx_hal_tim_ex.o(i.HAL_TIMEx_PWMN_Stop_IT), (178 bytes).
    Removing stm32f7xx_hal_tim_ex.o(i.HAL_TIMEx_RemapConfig), (48 bytes).
    Removing stm32f7xx_hal_tim_ex.o(i.TIMEx_DMACommutationCplt), (20 bytes).
    Removing stm32f7xx_hal_tim_ex.o(i.TIMEx_DMACommutationHalfCplt), (20 bytes).
    Removing stm32f7xx_hal_tim_ex.o(i.TIM_CCxNChannelCmd), (34 bytes).
    Removing stm32f7xx_hal_sdram.o(.rev16_text), (4 bytes).
    Removing stm32f7xx_hal_sdram.o(.revsh_text), (4 bytes).
    Removing stm32f7xx_hal_sdram.o(.rrx_text), (6 bytes).
    Removing stm32f7xx_hal_sdram.o(i.HAL_SDRAM_DMA_XferCpltCallback), (2 bytes).
    Removing stm32f7xx_hal_sdram.o(i.HAL_SDRAM_DMA_XferErrorCallback), (2 bytes).
    Removing stm32f7xx_hal_sdram.o(i.HAL_SDRAM_DeInit), (34 bytes).
    Removing stm32f7xx_hal_sdram.o(i.HAL_SDRAM_GetModeStatus), (14 bytes).
    Removing stm32f7xx_hal_sdram.o(i.HAL_SDRAM_GetState), (8 bytes).
    Removing stm32f7xx_hal_sdram.o(i.HAL_SDRAM_IRQHandler), (34 bytes).
    Removing stm32f7xx_hal_sdram.o(i.HAL_SDRAM_MspDeInit), (2 bytes).
    Removing stm32f7xx_hal_sdram.o(i.HAL_SDRAM_MspInit), (2 bytes).
    Removing stm32f7xx_hal_sdram.o(i.HAL_SDRAM_Read_16b), (80 bytes).
    Removing stm32f7xx_hal_sdram.o(i.HAL_SDRAM_Read_32b), (80 bytes).
    Removing stm32f7xx_hal_sdram.o(i.HAL_SDRAM_Read_8b), (80 bytes).
    Removing stm32f7xx_hal_sdram.o(i.HAL_SDRAM_Read_DMA), (104 bytes).
    Removing stm32f7xx_hal_sdram.o(i.HAL_SDRAM_RefreshErrorCallback), (2 bytes).
    Removing stm32f7xx_hal_sdram.o(i.HAL_SDRAM_SetAutoRefreshNumber), (40 bytes).
    Removing stm32f7xx_hal_sdram.o(i.HAL_SDRAM_WriteProtection_Disable), (38 bytes).
    Removing stm32f7xx_hal_sdram.o(i.HAL_SDRAM_WriteProtection_Enable), (38 bytes).
    Removing stm32f7xx_hal_sdram.o(i.HAL_SDRAM_Write_16b), (86 bytes).
    Removing stm32f7xx_hal_sdram.o(i.HAL_SDRAM_Write_32b), (86 bytes).
    Removing stm32f7xx_hal_sdram.o(i.HAL_SDRAM_Write_8b), (86 bytes).
    Removing stm32f7xx_hal_sdram.o(i.HAL_SDRAM_Write_DMA), (108 bytes).
    Removing stm32f7xx_hal_ltdc.o(.rev16_text), (4 bytes).
    Removing stm32f7xx_hal_ltdc.o(.revsh_text), (4 bytes).
    Removing stm32f7xx_hal_ltdc.o(.rrx_text), (6 bytes).
    Removing stm32f7xx_hal_ltdc.o(i.HAL_LTDC_ConfigCLUT), (176 bytes).
    Removing stm32f7xx_hal_ltdc.o(i.HAL_LTDC_ConfigColorKeying), (96 bytes).
    Removing stm32f7xx_hal_ltdc.o(i.HAL_LTDC_ConfigColorKeying_NoReload), (92 bytes).
    Removing stm32f7xx_hal_ltdc.o(i.HAL_LTDC_ConfigLayer_NoReload), (90 bytes).
    Removing stm32f7xx_hal_ltdc.o(i.HAL_LTDC_DeInit), (30 bytes).
    Removing stm32f7xx_hal_ltdc.o(i.HAL_LTDC_DisableCLUT), (76 bytes).
    Removing stm32f7xx_hal_ltdc.o(i.HAL_LTDC_DisableCLUT_NoReload), (72 bytes).
    Removing stm32f7xx_hal_ltdc.o(i.HAL_LTDC_DisableColorKeying), (76 bytes).
    Removing stm32f7xx_hal_ltdc.o(i.HAL_LTDC_DisableColorKeying_NoReload), (72 bytes).
    Removing stm32f7xx_hal_ltdc.o(i.HAL_LTDC_DisableDither), (68 bytes).
    Removing stm32f7xx_hal_ltdc.o(i.HAL_LTDC_EnableCLUT), (76 bytes).
    Removing stm32f7xx_hal_ltdc.o(i.HAL_LTDC_EnableCLUT_NoReload), (72 bytes).
    Removing stm32f7xx_hal_ltdc.o(i.HAL_LTDC_EnableColorKeying), (76 bytes).
    Removing stm32f7xx_hal_ltdc.o(i.HAL_LTDC_EnableColorKeying_NoReload), (72 bytes).
    Removing stm32f7xx_hal_ltdc.o(i.HAL_LTDC_EnableDither), (68 bytes).
    Removing stm32f7xx_hal_ltdc.o(i.HAL_LTDC_ErrorCallback), (2 bytes).
    Removing stm32f7xx_hal_ltdc.o(i.HAL_LTDC_GetError), (8 bytes).
    Removing stm32f7xx_hal_ltdc.o(i.HAL_LTDC_GetState), (8 bytes).
    Removing stm32f7xx_hal_ltdc.o(i.HAL_LTDC_IRQHandler), (244 bytes).
    Removing stm32f7xx_hal_ltdc.o(i.HAL_LTDC_LineEventCallback), (2 bytes).
    Removing stm32f7xx_hal_ltdc.o(i.HAL_LTDC_MspDeInit), (2 bytes).
    Removing stm32f7xx_hal_ltdc.o(i.HAL_LTDC_MspInit), (2 bytes).
    Removing stm32f7xx_hal_ltdc.o(i.HAL_LTDC_ProgramLineEvent), (84 bytes).
    Removing stm32f7xx_hal_ltdc.o(i.HAL_LTDC_Reload), (66 bytes).
    Removing stm32f7xx_hal_ltdc.o(i.HAL_LTDC_ReloadEventCallback), (2 bytes).
    Removing stm32f7xx_hal_ltdc.o(i.HAL_LTDC_SetAddress), (92 bytes).
    Removing stm32f7xx_hal_ltdc.o(i.HAL_LTDC_SetAddress_NoReload), (88 bytes).
    Removing stm32f7xx_hal_ltdc.o(i.HAL_LTDC_SetAlpha), (92 bytes).
    Removing stm32f7xx_hal_ltdc.o(i.HAL_LTDC_SetAlpha_NoReload), (88 bytes).
    Removing stm32f7xx_hal_ltdc.o(i.HAL_LTDC_SetPitch), (200 bytes).
    Removing stm32f7xx_hal_ltdc.o(i.HAL_LTDC_SetPitch_NoReload), (172 bytes).
    Removing stm32f7xx_hal_ltdc.o(i.HAL_LTDC_SetPixelFormat), (92 bytes).
    Removing stm32f7xx_hal_ltdc.o(i.HAL_LTDC_SetPixelFormat_NoReload), (88 bytes).
    Removing stm32f7xx_hal_ltdc.o(i.HAL_LTDC_SetWindowPosition_NoReload), (104 bytes).
    Removing stm32f7xx_hal_ltdc.o(i.HAL_LTDC_SetWindowSize_NoReload), (104 bytes).
    Removing stm32f7xx_hal_ltdc_ex.o(.rev16_text), (4 bytes).
    Removing stm32f7xx_hal_ltdc_ex.o(.revsh_text), (4 bytes).
    Removing stm32f7xx_hal_ltdc_ex.o(.rrx_text), (6 bytes).
    Removing stm32f7xx_hal_dma2d.o(.rev16_text), (4 bytes).
    Removing stm32f7xx_hal_dma2d.o(.revsh_text), (4 bytes).
    Removing stm32f7xx_hal_dma2d.o(.rrx_text), (6 bytes).
    Removing stm32f7xx_hal_dma2d.o(i.DMA2D_SetConfig), (230 bytes).
    Removing stm32f7xx_hal_dma2d.o(i.HAL_DMA2D_Abort), (110 bytes).
    Removing stm32f7xx_hal_dma2d.o(i.HAL_DMA2D_BlendingStart), (82 bytes).
    Removing stm32f7xx_hal_dma2d.o(i.HAL_DMA2D_BlendingStart_IT), (94 bytes).
    Removing stm32f7xx_hal_dma2d.o(i.HAL_DMA2D_CLUTLoad), (132 bytes).
    Removing stm32f7xx_hal_dma2d.o(i.HAL_DMA2D_CLUTLoad_IT), (156 bytes).
    Removing stm32f7xx_hal_dma2d.o(i.HAL_DMA2D_CLUTLoadingCpltCallback), (2 bytes).
    Removing stm32f7xx_hal_dma2d.o(i.HAL_DMA2D_CLUTLoading_Abort), (128 bytes).
    Removing stm32f7xx_hal_dma2d.o(i.HAL_DMA2D_CLUTLoading_Resume), (82 bytes).
    Removing stm32f7xx_hal_dma2d.o(i.HAL_DMA2D_CLUTLoading_Suspend), (164 bytes).
    Removing stm32f7xx_hal_dma2d.o(i.HAL_DMA2D_ConfigCLUT), (124 bytes).
    Removing stm32f7xx_hal_dma2d.o(i.HAL_DMA2D_ConfigDeadTime), (66 bytes).
    Removing stm32f7xx_hal_dma2d.o(i.HAL_DMA2D_ConfigLayer), (220 bytes).
    Removing stm32f7xx_hal_dma2d.o(i.HAL_DMA2D_DeInit), (160 bytes).
    Removing stm32f7xx_hal_dma2d.o(i.HAL_DMA2D_DisableDeadTime), (62 bytes).
    Removing stm32f7xx_hal_dma2d.o(i.HAL_DMA2D_EnableCLUT), (62 bytes).
    Removing stm32f7xx_hal_dma2d.o(i.HAL_DMA2D_EnableDeadTime), (62 bytes).
    Removing stm32f7xx_hal_dma2d.o(i.HAL_DMA2D_GetError), (6 bytes).
    Removing stm32f7xx_hal_dma2d.o(i.HAL_DMA2D_GetState), (8 bytes).
    Removing stm32f7xx_hal_dma2d.o(i.HAL_DMA2D_IRQHandler), (358 bytes).
    Removing stm32f7xx_hal_dma2d.o(i.HAL_DMA2D_Init), (120 bytes).
    Removing stm32f7xx_hal_dma2d.o(i.HAL_DMA2D_LineEventCallback), (2 bytes).
    Removing stm32f7xx_hal_dma2d.o(i.HAL_DMA2D_MspDeInit), (2 bytes).
    Removing stm32f7xx_hal_dma2d.o(i.HAL_DMA2D_MspInit), (2 bytes).
    Removing stm32f7xx_hal_dma2d.o(i.HAL_DMA2D_PollForTransfer), (358 bytes).
    Removing stm32f7xx_hal_dma2d.o(i.HAL_DMA2D_ProgramLineEvent), (76 bytes).
    Removing stm32f7xx_hal_dma2d.o(i.HAL_DMA2D_Resume), (36 bytes).
    Removing stm32f7xx_hal_dma2d.o(i.HAL_DMA2D_Start), (78 bytes).
    Removing stm32f7xx_hal_dma2d.o(i.HAL_DMA2D_Start_IT), (90 bytes).
    Removing stm32f7xx_hal_dma2d.o(i.HAL_DMA2D_Suspend), (100 bytes).
    Removing led.o(.rev16_text), (4 bytes).
    Removing led.o(.revsh_text), (4 bytes).
    Removing led.o(.rrx_text), (6 bytes).
    Removing lcd.o(.rev16_text), (4 bytes).
    Removing lcd.o(.revsh_text), (4 bytes).
    Removing lcd.o(.rrx_text), (6 bytes).
    Removing lcd.o(i.lcd_bgr2rgb), (26 bytes).
    Removing lcd.o(i.lcd_display_off), (56 bytes).
    Removing lcd.o(i.lcd_display_on), (56 bytes).
    Removing lcd.o(i.lcd_draw_hline), (56 bytes).
    Removing lcd.o(i.lcd_fill_circle), (176 bytes).
    Removing lcd.o(i.lcd_opt_delay), (12 bytes).
    Removing lcd.o(i.lcd_pow), (22 bytes).
    Removing lcd.o(i.lcd_read_point), (184 bytes).
    Removing lcd.o(i.lcd_set_window), (380 bytes).
    Removing lcd.o(i.lcd_show_char), (320 bytes).
    Removing lcd.o(i.lcd_show_num), (152 bytes).
    Removing lcd.o(i.lcd_show_string), (106 bytes).
    Removing lcd.o(i.lcd_show_xnum), (198 bytes).
    Removing lcd.o(i.lcd_write_ram), (12 bytes).
    Removing lcd.o(.constdata), (12160 bytes).
    Removing lcd.o(.data), (8 bytes).
    Removing sdram.o(.rev16_text), (4 bytes).
    Removing sdram.o(.revsh_text), (4 bytes).
    Removing sdram.o(.rrx_text), (6 bytes).
    Removing sdram.o(i.fmc_sdram_read_buffer), (22 bytes).
    Removing sdram.o(i.fmc_sdram_write_buffer), (24 bytes).
    Removing key.o(.rev16_text), (4 bytes).
    Removing key.o(.revsh_text), (4 bytes).
    Removing key.o(.rrx_text), (6 bytes).
    Removing key.o(i.key_init), (244 bytes).
    Removing key.o(i.key_scan), (204 bytes).
    Removing key.o(.data), (1 bytes).
    Removing ltdc.o(.rev16_text), (4 bytes).
    Removing ltdc.o(.revsh_text), (4 bytes).
    Removing ltdc.o(.rrx_text), (6 bytes).
    Removing ltdc.o(i.ltdc_layer_switch), (76 bytes).
    Removing ltdc.o(i.ltdc_read_point), (80 bytes).
    Removing ltdc.o(i.ltdc_switch), (44 bytes).
    Removing 24cxx.o(.rev16_text), (4 bytes).
    Removing 24cxx.o(.revsh_text), (4 bytes).
    Removing 24cxx.o(.rrx_text), (6 bytes).
    Removing 24cxx.o(i.at24cxx_check), (48 bytes).
    Removing 24cxx.o(i.at24cxx_init), (8 bytes).
    Removing 24cxx.o(i.at24cxx_read), (36 bytes).
    Removing 24cxx.o(i.at24cxx_write), (36 bytes).
    Removing myiic.o(.rev16_text), (4 bytes).
    Removing myiic.o(.revsh_text), (4 bytes).
    Removing myiic.o(.rrx_text), (6 bytes).
    Removing myiic.o(i.iic_init), (120 bytes).
    Removing ctiic.o(.rev16_text), (4 bytes).
    Removing ctiic.o(.revsh_text), (4 bytes).
    Removing ctiic.o(.rrx_text), (6 bytes).
    Removing ctiic.o(i.ct_iic_ack), (84 bytes).
    Removing ctiic.o(i.ct_iic_delay), (10 bytes).
    Removing ctiic.o(i.ct_iic_init), (124 bytes).
    Removing ctiic.o(i.ct_iic_nack), (68 bytes).
    Removing ctiic.o(i.ct_iic_read_byte), (96 bytes).
    Removing ctiic.o(i.ct_iic_send_byte), (112 bytes).
    Removing ctiic.o(i.ct_iic_start), (80 bytes).
    Removing ctiic.o(i.ct_iic_stop), (68 bytes).
    Removing ctiic.o(i.ct_iic_wait_ack), (108 bytes).
    Removing ft5206.o(.rev16_text), (4 bytes).
    Removing ft5206.o(.revsh_text), (4 bytes).
    Removing ft5206.o(.rrx_text), (6 bytes).
    Removing ft5206.o(i.ft5206_init), (320 bytes).
    Removing ft5206.o(i.ft5206_rd_reg), (88 bytes).
    Removing ft5206.o(i.ft5206_scan), (420 bytes).
    Removing ft5206.o(i.ft5206_wr_reg), (82 bytes).
    Removing ft5206.o(.constdata), (10 bytes).
    Removing ft5206.o(.data), (1 bytes).
    Removing gt9xxx.o(.rev16_text), (4 bytes).
    Removing gt9xxx.o(.revsh_text), (4 bytes).
    Removing gt9xxx.o(.rrx_text), (6 bytes).
    Removing gt9xxx.o(i.gt9xxx_init), (376 bytes).
    Removing gt9xxx.o(i.gt9xxx_rd_reg), (98 bytes).
    Removing gt9xxx.o(i.gt9xxx_scan), (752 bytes).
    Removing gt9xxx.o(i.gt9xxx_wr_reg), (92 bytes).
    Removing gt9xxx.o(.constdata), (20 bytes).
    Removing gt9xxx.o(.data), (2 bytes).
    Removing touch.o(.rev16_text), (4 bytes).
    Removing touch.o(.revsh_text), (4 bytes).
    Removing touch.o(.rrx_text), (6 bytes).
    Removing touch.o(i.tp_adjust), (972 bytes).
    Removing touch.o(i.tp_adjust_info_show), (320 bytes).
    Removing touch.o(i.tp_draw_big_point), (58 bytes).
    Removing touch.o(i.tp_draw_touch_point), (118 bytes).
    Removing touch.o(i.tp_get_adjust_data), (40 bytes).
    Removing touch.o(i.tp_init), (564 bytes).
    Removing touch.o(i.tp_read_ad), (220 bytes).
    Removing touch.o(i.tp_read_xoy), (120 bytes).
    Removing touch.o(i.tp_read_xy), (68 bytes).
    Removing touch.o(i.tp_read_xy2), (176 bytes).
    Removing touch.o(i.tp_save_adjust_data), (28 bytes).
    Removing touch.o(i.tp_scan), (300 bytes).
    Removing touch.o(i.tp_write_byte), (100 bytes).
    Removing touch.o(.constdata), (4 bytes).
    Removing touch.o(.conststring), (121 bytes).
    Removing touch.o(.data), (72 bytes).
    Removing mpu.o(.rev16_text), (4 bytes).
    Removing mpu.o(.revsh_text), (4 bytes).
    Removing mpu.o(.rrx_text), (6 bytes).
    Removing btim.o(.rev16_text), (4 bytes).
    Removing btim.o(.revsh_text), (4 bytes).
    Removing btim.o(.rrx_text), (6 bytes).
    Removing nand.o(.rev16_text), (4 bytes).
    Removing nand.o(.revsh_text), (4 bytes).
    Removing nand.o(.rrx_text), (6 bytes).
    Removing ftl.o(.rev16_text), (4 bytes).
    Removing ftl.o(.revsh_text), (4 bytes).
    Removing ftl.o(.rrx_text), (6 bytes).
    Removing ff.o(i.f_getfree), (358 bytes).
    Removing ff.o(i.f_getlabel), (278 bytes).
    Removing ff.o(i.f_gets), (82 bytes).
    Removing ff.o(i.f_printf), (628 bytes).
    Removing ff.o(i.f_putc), (64 bytes).
    Removing ff.o(i.f_puts), (74 bytes).
    Removing ff.o(i.f_rename), (438 bytes).
    Removing ff.o(i.f_setlabel), (616 bytes).
    Removing ff.o(i.f_truncate), (214 bytes).
    Removing ff.o(i.putc_bfd), (68 bytes).
    Removing diskio.o(.rev16_text), (4 bytes).
    Removing diskio.o(.revsh_text), (4 bytes).
    Removing diskio.o(.rrx_text), (6 bytes).
    Removing usmart.o(.rev16_text), (4 bytes).
    Removing usmart.o(.revsh_text), (4 bytes).
    Removing usmart.o(.rrx_text), (6 bytes).
    Removing usmart_config.o(.rev16_text), (4 bytes).
    Removing usmart_config.o(.revsh_text), (4 bytes).
    Removing usmart_config.o(.rrx_text), (6 bytes).
    Removing usmart_port.o(.rev16_text), (4 bytes).
    Removing usmart_port.o(.revsh_text), (4 bytes).
    Removing usmart_port.o(.rrx_text), (6 bytes).
    Removing usmart_str.o(.rev16_text), (4 bytes).
    Removing usmart_str.o(.revsh_text), (4 bytes).
    Removing usmart_str.o(.rrx_text), (6 bytes).
    Removing lv_port_disp_template.o(.rev16_text), (4 bytes).
    Removing lv_port_disp_template.o(.revsh_text), (4 bytes).
    Removing lv_port_disp_template.o(.rrx_text), (6 bytes).
    Removing lv_port_indev_template.o(.rev16_text), (4 bytes).
    Removing lv_port_indev_template.o(.revsh_text), (4 bytes).
    Removing lv_port_indev_template.o(.rrx_text), (6 bytes).
    Removing lv_port_indev_template.o(i.lv_port_indev_init), (48 bytes).
    Removing lv_port_indev_template.o(i.touchpad_get_xy), (24 bytes).
    Removing lv_port_indev_template.o(i.touchpad_init), (16 bytes).
    Removing lv_port_indev_template.o(i.touchpad_is_pressed), (32 bytes).
    Removing lv_port_indev_template.o(i.touchpad_read), (56 bytes).
    Removing lv_port_indev_template.o(.bss), (32 bytes).
    Removing lv_port_indev_template.o(.data), (8 bytes).
    Removing lv_disp.o(i._lv_disp_get_refr_timer), (26 bytes).
    Removing lv_disp.o(i.lv_anim_set_delay), (6 bytes).
    Removing lv_disp.o(i.lv_anim_set_exec_cb), (4 bytes).
    Removing lv_disp.o(i.lv_anim_set_time), (4 bytes).
    Removing lv_disp.o(i.lv_anim_set_values), (8 bytes).
    Removing lv_disp.o(i.lv_anim_set_var), (4 bytes).
    Removing lv_disp.o(i.lv_disp_clean_dcache), (36 bytes).
    Removing lv_disp.o(i.lv_disp_get_inactive_time), (74 bytes).
    Removing lv_disp.o(i.lv_disp_set_bg_color), (76 bytes).
    Removing lv_disp.o(i.lv_disp_set_bg_image), (70 bytes).
    Removing lv_disp.o(i.lv_disp_set_bg_opa), (72 bytes).
    Removing lv_disp.o(i.lv_disp_set_theme), (62 bytes).
    Removing lv_disp.o(i.lv_disp_trig_activity), (32 bytes).
    Removing lv_disp.o(i.lv_scr_act), (14 bytes).
    Removing lv_disp.o(i.lv_scr_load_anim), (720 bytes).
    Removing lv_disp.o(i.opa_scale_anim), (18 bytes).
    Removing lv_disp.o(i.scr_anim_ready), (72 bytes).
    Removing lv_disp.o(i.scr_load_anim_start), (34 bytes).
    Removing lv_disp.o(i.set_x_anim), (16 bytes).
    Removing lv_disp.o(i.set_y_anim), (16 bytes).
    Removing lv_event.o(i.lv_event_get_cover_area), (30 bytes).
    Removing lv_event.o(i.lv_event_get_draw_part_dsc), (32 bytes).
    Removing lv_event.o(i.lv_event_get_hit_test_info), (26 bytes).
    Removing lv_event.o(i.lv_event_get_key), (36 bytes).
    Removing lv_event.o(i.lv_event_get_old_size), (26 bytes).
    Removing lv_event.o(i.lv_event_get_scroll_anim), (26 bytes).
    Removing lv_event.o(i.lv_event_get_self_size_info), (26 bytes).
    Removing lv_event.o(i.lv_event_get_user_data), (6 bytes).
    Removing lv_event.o(i.lv_event_register_id), (20 bytes).
    Removing lv_event.o(i.lv_event_set_cover_res), (36 bytes).
    Removing lv_event.o(i.lv_event_stop_bubbling), (12 bytes).
    Removing lv_event.o(i.lv_event_stop_processing), (12 bytes).
    Removing lv_event.o(i.lv_obj_add_event_cb), (144 bytes).
    Removing lv_event.o(i.lv_obj_get_event_user_data), (70 bytes).
    Removing lv_event.o(i.lv_obj_remove_event_cb), (154 bytes).
    Removing lv_event.o(i.lv_obj_remove_event_cb_with_user_data), (186 bytes).
    Removing lv_event.o(i.lv_obj_remove_event_dsc), (152 bytes).
    Removing lv_group.o(i.lv_group_create), (96 bytes).
    Removing lv_group.o(i.lv_group_del), (140 bytes).
    Removing lv_group.o(i.lv_group_focus_freeze), (24 bytes).
    Removing lv_group.o(i.lv_group_focus_obj), (184 bytes).
    Removing lv_group.o(i.lv_group_get_focus_cb), (12 bytes).
    Removing lv_group.o(i.lv_group_get_obj_count), (12 bytes).
    Removing lv_group.o(i.lv_group_get_wrap), (16 bytes).
    Removing lv_group.o(i.lv_group_remove_all_objs), (86 bytes).
    Removing lv_group.o(i.lv_group_send_data), (30 bytes).
    Removing lv_group.o(i.lv_group_set_default), (12 bytes).
    Removing lv_group.o(i.lv_group_set_focus_cb), (4 bytes).
    Removing lv_group.o(i.lv_group_set_refocus_policy), (10 bytes).
    Removing lv_group.o(i.lv_group_set_wrap), (10 bytes).
    Removing lv_group.o(i.lv_group_swap_obj), (112 bytes).
    Removing lv_indev.o(i.indev_button_proc), (152 bytes).
    Removing lv_indev.o(i.indev_click_focus), (272 bytes).
    Removing lv_indev.o(i.indev_encoder_proc), (1044 bytes).
    Removing lv_indev.o(i.indev_gesture), (368 bytes).
    Removing lv_indev.o(i.indev_keypad_proc), (660 bytes).
    Removing lv_indev.o(i.indev_pointer_proc), (260 bytes).
    Removing lv_indev.o(i.indev_proc_press), (704 bytes).
    Removing lv_indev.o(i.indev_proc_release), (172 bytes).
    Removing lv_indev.o(i.indev_proc_reset_query_handler), (80 bytes).
    Removing lv_indev.o(i.indev_reset_check), (28 bytes).
    Removing lv_indev.o(i.lv_indev_enable), (18 bytes).
    Removing lv_indev.o(i.lv_indev_get_gesture_dir), (10 bytes).
    Removing lv_indev.o(i.lv_indev_get_key), (18 bytes).
    Removing lv_indev.o(i.lv_indev_get_obj_act), (12 bytes).
    Removing lv_indev.o(i.lv_indev_get_read_timer), (16 bytes).
    Removing lv_indev.o(i.lv_indev_get_vect), (38 bytes).
    Removing lv_indev.o(i.lv_indev_read_timer_cb), (276 bytes).
    Removing lv_indev.o(i.lv_indev_reset), (188 bytes).
    Removing lv_indev.o(i.lv_indev_reset_long_press), (26 bytes).
    Removing lv_indev.o(i.lv_indev_search_obj), (118 bytes).
    Removing lv_indev.o(i.lv_indev_set_button_points), (12 bytes).
    Removing lv_indev.o(i.lv_indev_set_cursor), (72 bytes).
    Removing lv_indev.o(i.lv_indev_set_group), (20 bytes).
    Removing lv_indev.o(i.lv_indev_wait_release), (18 bytes).
    Removing lv_indev_scroll.o(i._lv_indev_scroll_handler), (310 bytes).
    Removing lv_indev_scroll.o(i._lv_indev_scroll_throw_handler), (580 bytes).
    Removing lv_indev_scroll.o(i.elastic_diff), (472 bytes).
    Removing lv_indev_scroll.o(i.find_scroll_obj), (540 bytes).
    Removing lv_indev_scroll.o(i.find_snap_point_x), (308 bytes).
    Removing lv_indev_scroll.o(i.find_snap_point_y), (308 bytes).
    Removing lv_indev_scroll.o(i.init_scroll_limits), (420 bytes).
    Removing lv_indev_scroll.o(i.lv_area_get_height), (14 bytes).
    Removing lv_indev_scroll.o(i.lv_area_get_width), (14 bytes).
    Removing lv_indev_scroll.o(i.lv_indev_scroll_get_snap_dist), (44 bytes).
    Removing lv_indev_scroll.o(i.lv_indev_scroll_throw_predict), (72 bytes).
    Removing lv_indev_scroll.o(i.lv_obj_get_style_pad_bottom), (26 bytes).
    Removing lv_indev_scroll.o(i.lv_obj_get_style_pad_left), (26 bytes).
    Removing lv_indev_scroll.o(i.lv_obj_get_style_pad_right), (26 bytes).
    Removing lv_indev_scroll.o(i.lv_obj_get_style_pad_top), (26 bytes).
    Removing lv_indev_scroll.o(i.scroll_limit_diff), (120 bytes).
    Removing lv_indev_scroll.o(i.scroll_throw_predict_x), (54 bytes).
    Removing lv_indev_scroll.o(i.scroll_throw_predict_y), (54 bytes).
    Removing lv_obj.o(i.lv_deinit), (32 bytes).
    Removing lv_obj.o(i.lv_is_initialized), (12 bytes).
    Removing lv_obj.o(i.lv_obj_get_class), (6 bytes).
    Removing lv_obj.o(i.lv_obj_has_class), (26 bytes).
    Removing lv_obj.o(i.lv_obj_has_state), (20 bytes).
    Removing lv_obj.o(i.lv_obj_is_valid), (82 bytes).
    Removing lv_obj.o(i.obj_valid_child), (70 bytes).
    Removing lv_obj_class.o(i._lv_obj_destruct), (38 bytes).
    Removing lv_obj_draw.o(i.lv_obj_draw_part_check_type), (22 bytes).
    Removing lv_obj_draw.o(i.lv_obj_init_draw_line_dsc), (232 bytes).
    Removing lv_obj_pos.o(i.lv_obj_get_x), (70 bytes).
    Removing lv_obj_pos.o(i.lv_obj_get_x2), (28 bytes).
    Removing lv_obj_pos.o(i.lv_obj_get_x_aligned), (14 bytes).
    Removing lv_obj_pos.o(i.lv_obj_get_y), (70 bytes).
    Removing lv_obj_pos.o(i.lv_obj_get_y2), (28 bytes).
    Removing lv_obj_pos.o(i.lv_obj_get_y_aligned), (14 bytes).
    Removing lv_obj_pos.o(i.lv_obj_hit_test), (102 bytes).
    Removing lv_obj_pos.o(i.lv_obj_set_align), (18 bytes).
    Removing lv_obj_pos.o(i.lv_obj_set_content_height), (60 bytes).
    Removing lv_obj_pos.o(i.lv_obj_set_content_width), (60 bytes).
    Removing lv_obj_pos.o(i.lv_obj_set_layout), (28 bytes).
    Removing lv_obj_scroll.o(i.lv_obj_get_scroll_end), (72 bytes).
    Removing lv_obj_scroll.o(i.lv_obj_is_scrolling), (44 bytes).
    Removing lv_obj_scroll.o(i.lv_obj_scroll_to_view), (32 bytes).
    Removing lv_obj_scroll.o(i.lv_obj_set_scroll_dir), (30 bytes).
    Removing lv_obj_scroll.o(i.lv_obj_set_scroll_snap_x), (26 bytes).
    Removing lv_obj_scroll.o(i.lv_obj_set_scroll_snap_y), (26 bytes).
    Removing lv_obj_scroll.o(i.lv_obj_update_snap), (38 bytes).
    Removing lv_obj_style.o(i.fade_anim_cb), (18 bytes).
    Removing lv_obj_style.o(i.fade_in_anim_ready), (18 bytes).
    Removing lv_obj_style.o(i.lv_obj_fade_in), (84 bytes).
    Removing lv_obj_style.o(i.lv_obj_fade_out), (100 bytes).
    Removing lv_obj_style.o(i.lv_obj_remove_local_style_prop), (94 bytes).
    Removing lv_obj_style_gen.o(i.lv_obj_set_style_anim_speed), (24 bytes).
    Removing lv_obj_style_gen.o(i.lv_obj_set_style_arc_color_filtered), (34 bytes).
    Removing lv_obj_style_gen.o(i.lv_obj_set_style_arc_img_src), (24 bytes).
    Removing lv_obj_style_gen.o(i.lv_obj_set_style_base_dir), (26 bytes).
    Removing lv_obj_style_gen.o(i.lv_obj_set_style_bg_color_filtered), (34 bytes).
    Removing lv_obj_style_gen.o(i.lv_obj_set_style_bg_dither_mode), (24 bytes).
    Removing lv_obj_style_gen.o(i.lv_obj_set_style_bg_grad), (24 bytes).
    Removing lv_obj_style_gen.o(i.lv_obj_set_style_bg_grad_color), (32 bytes).
    Removing lv_obj_style_gen.o(i.lv_obj_set_style_bg_grad_color_filtered), (34 bytes).
    Removing lv_obj_style_gen.o(i.lv_obj_set_style_bg_grad_dir), (24 bytes).
    Removing lv_obj_style_gen.o(i.lv_obj_set_style_bg_grad_stop), (24 bytes).
    Removing lv_obj_style_gen.o(i.lv_obj_set_style_bg_img_opa), (24 bytes).
    Removing lv_obj_style_gen.o(i.lv_obj_set_style_bg_img_recolor), (32 bytes).
    Removing lv_obj_style_gen.o(i.lv_obj_set_style_bg_img_recolor_filtered), (34 bytes).
    Removing lv_obj_style_gen.o(i.lv_obj_set_style_bg_img_recolor_opa), (24 bytes).
    Removing lv_obj_style_gen.o(i.lv_obj_set_style_bg_img_src), (26 bytes).
    Removing lv_obj_style_gen.o(i.lv_obj_set_style_bg_img_tiled), (24 bytes).
    Removing lv_obj_style_gen.o(i.lv_obj_set_style_bg_main_stop), (24 bytes).
    Removing lv_obj_style_gen.o(i.lv_obj_set_style_blend_mode), (24 bytes).
    Removing lv_obj_style_gen.o(i.lv_obj_set_style_border_color_filtered), (34 bytes).
    Removing lv_obj_style_gen.o(i.lv_obj_set_style_border_opa), (24 bytes).
    Removing lv_obj_style_gen.o(i.lv_obj_set_style_border_post), (24 bytes).
    Removing lv_obj_style_gen.o(i.lv_obj_set_style_clip_corner), (24 bytes).
    Removing lv_obj_style_gen.o(i.lv_obj_set_style_color_filter_dsc), (24 bytes).
    Removing lv_obj_style_gen.o(i.lv_obj_set_style_color_filter_opa), (24 bytes).
    Removing lv_obj_style_gen.o(i.lv_obj_set_style_img_opa), (24 bytes).
    Removing lv_obj_style_gen.o(i.lv_obj_set_style_img_recolor), (32 bytes).
    Removing lv_obj_style_gen.o(i.lv_obj_set_style_img_recolor_filtered), (34 bytes).
    Removing lv_obj_style_gen.o(i.lv_obj_set_style_img_recolor_opa), (24 bytes).
    Removing lv_obj_style_gen.o(i.lv_obj_set_style_line_color), (32 bytes).
    Removing lv_obj_style_gen.o(i.lv_obj_set_style_line_color_filtered), (34 bytes).
    Removing lv_obj_style_gen.o(i.lv_obj_set_style_line_dash_gap), (24 bytes).
    Removing lv_obj_style_gen.o(i.lv_obj_set_style_line_dash_width), (24 bytes).
    Removing lv_obj_style_gen.o(i.lv_obj_set_style_line_opa), (24 bytes).
    Removing lv_obj_style_gen.o(i.lv_obj_set_style_line_rounded), (24 bytes).
    Removing lv_obj_style_gen.o(i.lv_obj_set_style_line_width), (26 bytes).
    Removing lv_obj_style_gen.o(i.lv_obj_set_style_max_height), (26 bytes).
    Removing lv_obj_style_gen.o(i.lv_obj_set_style_max_width), (26 bytes).
    Removing lv_obj_style_gen.o(i.lv_obj_set_style_min_height), (26 bytes).
    Removing lv_obj_style_gen.o(i.lv_obj_set_style_opa), (26 bytes).
    Removing lv_obj_style_gen.o(i.lv_obj_set_style_outline_color), (32 bytes).
    Removing lv_obj_style_gen.o(i.lv_obj_set_style_outline_color_filtered), (34 bytes).
    Removing lv_obj_style_gen.o(i.lv_obj_set_style_outline_opa), (26 bytes).
    Removing lv_obj_style_gen.o(i.lv_obj_set_style_outline_pad), (26 bytes).
    Removing lv_obj_style_gen.o(i.lv_obj_set_style_outline_width), (26 bytes).
    Removing lv_obj_style_gen.o(i.lv_obj_set_style_pad_column), (26 bytes).
    Removing lv_obj_style_gen.o(i.lv_obj_set_style_pad_row), (26 bytes).
    Removing lv_obj_style_gen.o(i.lv_obj_set_style_shadow_color), (32 bytes).
    Removing lv_obj_style_gen.o(i.lv_obj_set_style_shadow_color_filtered), (34 bytes).
    Removing lv_obj_style_gen.o(i.lv_obj_set_style_shadow_ofs_x), (26 bytes).
    Removing lv_obj_style_gen.o(i.lv_obj_set_style_shadow_ofs_y), (26 bytes).
    Removing lv_obj_style_gen.o(i.lv_obj_set_style_shadow_opa), (26 bytes).
    Removing lv_obj_style_gen.o(i.lv_obj_set_style_shadow_spread), (26 bytes).
    Removing lv_obj_style_gen.o(i.lv_obj_set_style_shadow_width), (26 bytes).
    Removing lv_obj_style_gen.o(i.lv_obj_set_style_text_color_filtered), (34 bytes).
    Removing lv_obj_style_gen.o(i.lv_obj_set_style_text_decor), (26 bytes).
    Removing lv_obj_style_gen.o(i.lv_obj_set_style_text_letter_space), (26 bytes).
    Removing lv_obj_style_gen.o(i.lv_obj_set_style_text_line_space), (26 bytes).
    Removing lv_obj_style_gen.o(i.lv_obj_set_style_text_opa), (26 bytes).
    Removing lv_obj_style_gen.o(i.lv_obj_set_style_transform_angle), (26 bytes).
    Removing lv_obj_style_gen.o(i.lv_obj_set_style_transform_height), (26 bytes).
    Removing lv_obj_style_gen.o(i.lv_obj_set_style_transform_width), (26 bytes).
    Removing lv_obj_style_gen.o(i.lv_obj_set_style_transform_zoom), (26 bytes).
    Removing lv_obj_style_gen.o(i.lv_obj_set_style_transition), (24 bytes).
    Removing lv_obj_style_gen.o(i.lv_obj_set_style_translate_x), (26 bytes).
    Removing lv_obj_style_gen.o(i.lv_obj_set_style_translate_y), (26 bytes).
    Removing lv_obj_tree.o(i.lv_obj_clean), (84 bytes).
    Removing lv_obj_tree.o(i.lv_obj_del), (124 bytes).
    Removing lv_obj_tree.o(i.lv_obj_del_anim_ready_cb), (12 bytes).
    Removing lv_obj_tree.o(i.lv_obj_del_async), (24 bytes).
    Removing lv_obj_tree.o(i.lv_obj_del_async_cb), (16 bytes).
    Removing lv_obj_tree.o(i.lv_obj_del_delayed), (60 bytes).
    Removing lv_obj_tree.o(i.lv_obj_get_index), (62 bytes).
    Removing lv_obj_tree.o(i.lv_obj_move_to_index), (160 bytes).
    Removing lv_obj_tree.o(i.lv_obj_set_parent), (258 bytes).
    Removing lv_obj_tree.o(i.lv_obj_swap), (152 bytes).
    Removing lv_obj_tree.o(i.lv_obj_tree_walk), (20 bytes).
    Removing lv_obj_tree.o(i.obj_del_core), (334 bytes).
    Removing lv_obj_tree.o(i.walk_core), (136 bytes).
    Removing lv_refr.o(i._lv_refr_set_disp_refreshing), (12 bytes).
    Removing lv_refr.o(i.lv_refr_now), (58 bytes).
    Removing lv_theme.o(i.lv_theme_get_color_primary), (36 bytes).
    Removing lv_theme.o(i.lv_theme_get_color_secondary), (36 bytes).
    Removing lv_theme.o(i.lv_theme_get_font_large), (28 bytes).
    Removing lv_theme.o(i.lv_theme_get_font_normal), (28 bytes).
    Removing lv_theme.o(i.lv_theme_get_font_small), (28 bytes).
    Removing lv_theme.o(i.lv_theme_set_apply_cb), (4 bytes).
    Removing lv_theme.o(i.lv_theme_set_parent), (4 bytes).
    Removing lv_draw_mask.o(i.lv_draw_mask_apply_ids), (108 bytes).
    Removing lv_draw_mask.o(i.lv_draw_mask_fade), (260 bytes).
    Removing lv_draw_mask.o(i.lv_draw_mask_fade_init), (56 bytes).
    Removing lv_draw_mask.o(i.lv_draw_mask_get_cnt), (32 bytes).
    Removing lv_draw_mask.o(i.lv_draw_mask_map), (174 bytes).
    Removing lv_draw_mask.o(i.lv_draw_mask_map_init), (36 bytes).
    Removing lv_draw_mask.o(i.lv_draw_mask_polygon), (666 bytes).
    Removing lv_draw_mask.o(i.lv_draw_mask_polygon_init), (180 bytes).
    Removing lv_draw_triangle.o(i.lv_draw_polygon), (30 bytes).
    Removing lv_draw_triangle.o(i.lv_draw_triangle), (26 bytes).
    Removing lv_img_buf.o(i.lv_img_buf_alloc), (126 bytes).
    Removing lv_img_buf.o(i.lv_img_buf_free), (24 bytes).
    Removing lv_img_buf.o(i.lv_img_buf_get_img_size), (168 bytes).
    Removing lv_img_buf.o(i.lv_img_buf_set_palette), (176 bytes).
    Removing lv_img_buf.o(i.lv_img_buf_set_px_alpha), (292 bytes).
    Removing lv_img_buf.o(i.lv_img_buf_set_px_color), (378 bytes).
    Removing lv_img_cache.o(i.lv_img_cache_invalidate_src), (2 bytes).
    Removing lv_img_cache.o(i.lv_img_cache_set_size), (6 bytes).
    Removing lv_img_decoder.o(i.lv_img_decoder_delete), (24 bytes).
    Removing lv_draw_sw.o(i.lv_draw_sw_deinit_ctx), (18 bytes).
    Removing lv_draw_sw_gradient.o(i.lv_gradient_free_cache), (40 bytes).
    Removing lv_flex.o(i.lv_style_set_flex_cross_place), (28 bytes).
    Removing lv_flex.o(i.lv_style_set_flex_flow), (28 bytes).
    Removing lv_flex.o(i.lv_style_set_flex_grow), (28 bytes).
    Removing lv_flex.o(i.lv_style_set_flex_main_place), (28 bytes).
    Removing lv_flex.o(i.lv_style_set_flex_track_place), (28 bytes).
    Removing qrcodegen.o(i.addEccAndInterleave), (268 bytes).
    Removing qrcodegen.o(i.addRunToHistory), (20 bytes).
    Removing qrcodegen.o(i.appendBitsToBuffer), (104 bytes).
    Removing qrcodegen.o(i.applyMask), (468 bytes).
    Removing qrcodegen.o(i.calcReedSolomonGenerator), (176 bytes).
    Removing qrcodegen.o(i.calcReedSolomonRemainder), (176 bytes).
    Removing qrcodegen.o(i.calcSegmentBitLength), (168 bytes).
    Removing qrcodegen.o(i.drawCodewords), (200 bytes).
    Removing qrcodegen.o(i.drawFormatBits), (388 bytes).
    Removing qrcodegen.o(i.drawWhiteFunctionModules), (444 bytes).
    Removing qrcodegen.o(i.fillRectangle), (52 bytes).
    Removing qrcodegen.o(i.finiteFieldMultiply), (44 bytes).
    Removing qrcodegen.o(i.getAlignmentPatternPositions), (80 bytes).
    Removing qrcodegen.o(i.getBit), (12 bytes).
    Removing qrcodegen.o(i.getModule), (84 bytes).
    Removing qrcodegen.o(i.getNumDataCodewords), (116 bytes).
    Removing qrcodegen.o(i.getNumRawDataModules), (144 bytes).
    Removing qrcodegen.o(i.getPenaltyScore), (466 bytes).
    Removing qrcodegen.o(i.getTotalBits), (392 bytes).
    Removing qrcodegen.o(i.hasFinderLikePattern), (60 bytes).
    Removing qrcodegen.o(i.initializeFunctionModules), (230 bytes).
    Removing qrcodegen.o(i.numCharCountBits), (136 bytes).
    Removing qrcodegen.o(i.qrcodegen_calcSegmentBufferSize), (92 bytes).
    Removing qrcodegen.o(i.qrcodegen_encodeBinary), (82 bytes).
    Removing qrcodegen.o(i.qrcodegen_encodeSegments), (52 bytes).
    Removing qrcodegen.o(i.qrcodegen_encodeSegmentsAdvanced), (908 bytes).
    Removing qrcodegen.o(i.qrcodegen_encodeText), (260 bytes).
    Removing qrcodegen.o(i.qrcodegen_getMinFitVersion), (84 bytes).
    Removing qrcodegen.o(i.qrcodegen_getModule), (88 bytes).
    Removing qrcodegen.o(i.qrcodegen_getSize), (72 bytes).
    Removing qrcodegen.o(i.qrcodegen_isAlphanumeric), (76 bytes).
    Removing qrcodegen.o(i.qrcodegen_isNumeric), (72 bytes).
    Removing qrcodegen.o(i.qrcodegen_makeAlphanumeric), (316 bytes).
    Removing qrcodegen.o(i.qrcodegen_makeBytes), (152 bytes).
    Removing qrcodegen.o(i.qrcodegen_makeEci), (188 bytes).
    Removing qrcodegen.o(i.qrcodegen_makeNumeric), (316 bytes).
    Removing qrcodegen.o(i.qrcodegen_version2size), (24 bytes).
    Removing qrcodegen.o(i.setModule), (116 bytes).
    Removing qrcodegen.o(i.setModuleBounded), (46 bytes).
    Removing qrcodegen.o(.constdata), (392 bytes).
    Removing qrcodegen.o(.conststring), (704 bytes).
    Removing qrcodegen.o(.data), (4 bytes).
    Removing lv_font_simsun_16_cjk.o(.constdata), (165548 bytes).
    Removing lv_font_simsun_16_cjk.o(.data), (8 bytes).
    Removing lv_hal_disp.o(i.invalidate_layout_cb), (16 bytes).
    Removing lv_hal_disp.o(i.lv_color_mix), (68 bytes).
    Removing lv_hal_disp.o(i.lv_color_mix_with_alpha), (260 bytes).
    Removing lv_hal_disp.o(i.lv_disp_drv_update), (212 bytes).
    Removing lv_hal_disp.o(i.lv_disp_drv_use_generic_set_px_cb), (88 bytes).
    Removing lv_hal_disp.o(i.lv_disp_flush_is_last), (16 bytes).
    Removing lv_hal_disp.o(i.lv_disp_get_antialiasing), (28 bytes).
    Removing lv_hal_disp.o(i.lv_disp_get_offset_x), (88 bytes).
    Removing lv_hal_disp.o(i.lv_disp_get_offset_y), (88 bytes).
    Removing lv_hal_disp.o(i.lv_disp_get_physical_hor_res), (90 bytes).
    Removing lv_hal_disp.o(i.lv_disp_get_physical_ver_res), (90 bytes).
    Removing lv_hal_disp.o(i.lv_disp_get_rotation), (28 bytes).
    Removing lv_hal_disp.o(i.lv_disp_remove), (144 bytes).
    Removing lv_hal_disp.o(i.lv_disp_set_default), (12 bytes).
    Removing lv_hal_disp.o(i.lv_disp_set_rotation), (42 bytes).
    Removing lv_hal_disp.o(i.set_px_alpha_generic), (210 bytes).
    Removing lv_hal_disp.o(i.set_px_cb_alpha1), (64 bytes).
    Removing lv_hal_disp.o(i.set_px_cb_alpha2), (64 bytes).
    Removing lv_hal_disp.o(i.set_px_cb_alpha4), (64 bytes).
    Removing lv_hal_disp.o(i.set_px_cb_alpha8), (64 bytes).
    Removing lv_hal_disp.o(i.set_px_true_color_alpha), (168 bytes).
    Removing lv_hal_indev.o(i._lv_indev_read), (80 bytes).
    Removing lv_hal_indev.o(i.lv_indev_delete), (80 bytes).
    Removing lv_hal_indev.o(i.lv_indev_drv_init), (42 bytes).
    Removing lv_hal_indev.o(i.lv_indev_drv_register), (100 bytes).
    Removing lv_hal_indev.o(i.lv_indev_drv_update), (140 bytes).
    Removing lv_anim.o(i.lv_anim_count_running), (40 bytes).
    Removing lv_anim.o(i.lv_anim_del_all), (20 bytes).
    Removing lv_anim.o(i.lv_anim_get_playtime), (74 bytes).
    Removing lv_anim.o(i.lv_anim_path_bounce), (234 bytes).
    Removing lv_anim.o(i.lv_anim_path_ease_in), (64 bytes).
    Removing lv_anim.o(i.lv_anim_path_ease_in_out), (66 bytes).
    Removing lv_anim.o(i.lv_anim_path_overshoot), (68 bytes).
    Removing lv_anim.o(i.lv_anim_path_step), (18 bytes).
    Removing lv_anim.o(i.lv_anim_refr_now), (10 bytes).
    Removing lv_anim_timeline.o(i.lv_anim_set_delay), (6 bytes).
    Removing lv_anim_timeline.o(i.lv_anim_timeline_add), (144 bytes).
    Removing lv_anim_timeline.o(i.lv_anim_timeline_create), (38 bytes).
    Removing lv_anim_timeline.o(i.lv_anim_timeline_del), (38 bytes).
    Removing lv_anim_timeline.o(i.lv_anim_timeline_get_playtime), (84 bytes).
    Removing lv_anim_timeline.o(i.lv_anim_timeline_get_reverse), (20 bytes).
    Removing lv_anim_timeline.o(i.lv_anim_timeline_set_progress), (140 bytes).
    Removing lv_anim_timeline.o(i.lv_anim_timeline_set_reverse), (18 bytes).
    Removing lv_anim_timeline.o(i.lv_anim_timeline_start), (126 bytes).
    Removing lv_anim_timeline.o(i.lv_anim_timeline_stop), (50 bytes).
    Removing lv_anim_timeline.o(i.lv_anim_timeline_virtual_exec_cb), (2 bytes).
    Removing lv_area.o(i._lv_area_is_equal), (58 bytes).
    Removing lv_area.o(i._lv_area_set_pos), (50 bytes).
    Removing lv_area.o(i.lv_area_align), (852 bytes).
    Removing lv_async.o(i.lv_async_call), (68 bytes).
    Removing lv_async.o(i.lv_async_timer_cb), (20 bytes).
    Removing lv_color.o(i.lv_color_change_lightness), (70 bytes).
    Removing lv_color.o(i.lv_color_hsv_to_rgb), (248 bytes).
    Removing lv_color.o(i.lv_color_lighten), (48 bytes).
    Removing lv_color.o(i.lv_color_rgb_to_hsv), (262 bytes).
    Removing lv_color.o(i.lv_color_to_hsv), (116 bytes).
    Removing lv_fs.o(i.lv_fs_dir_close), (46 bytes).
    Removing lv_fs.o(i.lv_fs_dir_open), (94 bytes).
    Removing lv_fs.o(i.lv_fs_dir_read), (52 bytes).
    Removing lv_fs.o(i.lv_fs_get_last), (82 bytes).
    Removing lv_fs.o(i.lv_fs_get_letters), (52 bytes).
    Removing lv_fs.o(i.lv_fs_is_ready), (34 bytes).
    Removing lv_fs.o(i.lv_fs_tell), (64 bytes).
    Removing lv_fs.o(i.lv_fs_up), (84 bytes).
    Removing lv_fs.o(i.lv_fs_write), (72 bytes).
    Removing lv_gc.o(i._lv_gc_clear_roots), (208 bytes).
    Removing lv_ll.o(i._lv_ll_chg_list), (112 bytes).
    Removing lv_ll.o(i._lv_ll_clear), (48 bytes).
    Removing lv_ll.o(i._lv_ll_get_len), (36 bytes).
    Removing lv_ll.o(i._lv_ll_ins_prev), (116 bytes).
    Removing lv_ll.o(i._lv_ll_move_before), (106 bytes).
    Removing lv_lru.o(i.lv_lru_cmp_keys), (30 bytes).
    Removing lv_lru.o(i.lv_lru_create), (136 bytes).
    Removing lv_lru.o(i.lv_lru_del), (120 bytes).
    Removing lv_lru.o(i.lv_lru_get), (102 bytes).
    Removing lv_lru.o(i.lv_lru_hash), (104 bytes).
    Removing lv_lru.o(i.lv_lru_pop_or_create_item), (46 bytes).
    Removing lv_lru.o(i.lv_lru_remove), (90 bytes).
    Removing lv_lru.o(i.lv_lru_remove_item), (66 bytes).
    Removing lv_lru.o(i.lv_lru_remove_lru_item), (118 bytes).
    Removing lv_lru.o(i.lv_lru_set), (224 bytes).
    Removing lv_math.o(i.lv_pow), (58 bytes).
    Removing lv_math.o(i.lv_rand), (48 bytes).
    Removing lv_math.o(i.lv_sqrt), (40 bytes).
    Removing lv_math.o(.data), (4 bytes).
    Removing lv_mem.o(i.lv_mem_deinit), (20 bytes).
    Removing lv_mem.o(i.lv_mem_test), (80 bytes).
    Removing lv_printf.o(i._atoi), (42 bytes).
    Removing lv_printf.o(i._is_digit), (18 bytes).
    Removing lv_printf.o(i._ntoa_format), (282 bytes).
    Removing lv_printf.o(i._ntoa_long), (124 bytes).
    Removing lv_printf.o(i._ntoa_long_long), (184 bytes).
    Removing lv_printf.o(i._out_buffer), (8 bytes).
    Removing lv_printf.o(i._out_null), (2 bytes).
    Removing lv_printf.o(i._out_rev), (116 bytes).
    Removing lv_printf.o(i._vsnprintf), (1554 bytes).
    Removing lv_printf.o(i.lv_snprintf), (48 bytes).
    Removing lv_printf.o(i.lv_vsnprintf), (36 bytes).
    Removing lv_style_gen.o(i.lv_style_set_align), (22 bytes).
    Removing lv_style_gen.o(i.lv_style_set_anim_speed), (20 bytes).
    Removing lv_style_gen.o(i.lv_style_set_arc_color_filtered), (28 bytes).
    Removing lv_style_gen.o(i.lv_style_set_arc_img_src), (20 bytes).
    Removing lv_style_gen.o(i.lv_style_set_arc_opa), (20 bytes).
    Removing lv_style_gen.o(i.lv_style_set_base_dir), (22 bytes).
    Removing lv_style_gen.o(i.lv_style_set_bg_color_filtered), (28 bytes).
    Removing lv_style_gen.o(i.lv_style_set_bg_dither_mode), (20 bytes).
    Removing lv_style_gen.o(i.lv_style_set_bg_grad), (20 bytes).
    Removing lv_style_gen.o(i.lv_style_set_bg_grad_color), (26 bytes).
    Removing lv_style_gen.o(i.lv_style_set_bg_grad_color_filtered), (28 bytes).
    Removing lv_style_gen.o(i.lv_style_set_bg_grad_dir), (20 bytes).
    Removing lv_style_gen.o(i.lv_style_set_bg_grad_stop), (20 bytes).
    Removing lv_style_gen.o(i.lv_style_set_bg_img_opa), (20 bytes).
    Removing lv_style_gen.o(i.lv_style_set_bg_img_recolor), (26 bytes).
    Removing lv_style_gen.o(i.lv_style_set_bg_img_recolor_filtered), (28 bytes).
    Removing lv_style_gen.o(i.lv_style_set_bg_img_recolor_opa), (20 bytes).
    Removing lv_style_gen.o(i.lv_style_set_bg_img_src), (22 bytes).
    Removing lv_style_gen.o(i.lv_style_set_bg_img_tiled), (20 bytes).
    Removing lv_style_gen.o(i.lv_style_set_bg_main_stop), (20 bytes).
    Removing lv_style_gen.o(i.lv_style_set_blend_mode), (20 bytes).
    Removing lv_style_gen.o(i.lv_style_set_border_color_filtered), (28 bytes).
    Removing lv_style_gen.o(i.lv_style_set_border_opa), (20 bytes).
    Removing lv_style_gen.o(i.lv_style_set_height), (22 bytes).
    Removing lv_style_gen.o(i.lv_style_set_img_opa), (20 bytes).
    Removing lv_style_gen.o(i.lv_style_set_img_recolor), (26 bytes).
    Removing lv_style_gen.o(i.lv_style_set_img_recolor_filtered), (28 bytes).
    Removing lv_style_gen.o(i.lv_style_set_img_recolor_opa), (20 bytes).
    Removing lv_style_gen.o(i.lv_style_set_layout), (22 bytes).
    Removing lv_style_gen.o(i.lv_style_set_line_color_filtered), (28 bytes).
    Removing lv_style_gen.o(i.lv_style_set_line_dash_gap), (20 bytes).
    Removing lv_style_gen.o(i.lv_style_set_line_dash_width), (20 bytes).
    Removing lv_style_gen.o(i.lv_style_set_line_opa), (20 bytes).
    Removing lv_style_gen.o(i.lv_style_set_line_rounded), (20 bytes).
    Removing lv_style_gen.o(i.lv_style_set_max_height), (22 bytes).
    Removing lv_style_gen.o(i.lv_style_set_max_width), (22 bytes).
    Removing lv_style_gen.o(i.lv_style_set_min_height), (22 bytes).
    Removing lv_style_gen.o(i.lv_style_set_min_width), (22 bytes).
    Removing lv_style_gen.o(i.lv_style_set_opa), (22 bytes).
    Removing lv_style_gen.o(i.lv_style_set_outline_color_filtered), (28 bytes).
    Removing lv_style_gen.o(i.lv_style_set_shadow_color_filtered), (28 bytes).
    Removing lv_style_gen.o(i.lv_style_set_shadow_ofs_x), (22 bytes).
    Removing lv_style_gen.o(i.lv_style_set_shadow_spread), (22 bytes).
    Removing lv_style_gen.o(i.lv_style_set_text_color_filtered), (28 bytes).
    Removing lv_style_gen.o(i.lv_style_set_text_decor), (22 bytes).
    Removing lv_style_gen.o(i.lv_style_set_text_font), (22 bytes).
    Removing lv_style_gen.o(i.lv_style_set_text_letter_space), (22 bytes).
    Removing lv_style_gen.o(i.lv_style_set_text_opa), (22 bytes).
    Removing lv_style_gen.o(i.lv_style_set_transform_angle), (22 bytes).
    Removing lv_style_gen.o(i.lv_style_set_transform_zoom), (22 bytes).
    Removing lv_style_gen.o(i.lv_style_set_translate_x), (22 bytes).
    Removing lv_style_gen.o(i.lv_style_set_translate_y), (22 bytes).
    Removing lv_style_gen.o(i.lv_style_set_x), (22 bytes).
    Removing lv_style_gen.o(i.lv_style_set_y), (22 bytes).
    Removing lv_timer.o(i.lv_timer_create_basic), (16 bytes).
    Removing lv_timer.o(i.lv_timer_get_idle), (12 bytes).
    Removing lv_timer.o(i.lv_timer_get_next), (28 bytes).
    Removing lv_timer.o(i.lv_timer_reset), (12 bytes).
    Removing lv_timer.o(i.lv_timer_set_cb), (4 bytes).
    Removing lv_timer.o(i.lv_timer_set_period), (4 bytes).
    Removing lv_timer.o(i.lv_timer_set_repeat_count), (4 bytes).
    Removing lv_tlsf.o(i.block_trim_free_leading), (58 bytes).
    Removing lv_tlsf.o(i.integrity_walker), (124 bytes).
    Removing lv_tlsf.o(i.lv_tlsf_align_size), (4 bytes).
    Removing lv_tlsf.o(i.lv_tlsf_alloc_overhead), (4 bytes).
    Removing lv_tlsf.o(i.lv_tlsf_block_size), (30 bytes).
    Removing lv_tlsf.o(i.lv_tlsf_block_size_max), (6 bytes).
    Removing lv_tlsf.o(i.lv_tlsf_block_size_min), (4 bytes).
    Removing lv_tlsf.o(i.lv_tlsf_check), (440 bytes).
    Removing lv_tlsf.o(i.lv_tlsf_check_pool), (28 bytes).
    Removing lv_tlsf.o(i.lv_tlsf_destroy), (2 bytes).
    Removing lv_tlsf.o(i.lv_tlsf_memalign), (190 bytes).
    Removing lv_tlsf.o(i.lv_tlsf_remove_pool), (132 bytes).
    Removing lv_txt.o(i._lv_txt_cut), (76 bytes).
    Removing lv_txt.o(i._lv_txt_ins), (96 bytes).
    Removing lv_txt.o(i._lv_txt_set_text_vfmt), (80 bytes).
    Removing lv_arc.o(i.lv_arc_get_angle_end), (10 bytes).
    Removing lv_arc.o(i.lv_arc_get_angle_start), (10 bytes).
    Removing lv_arc.o(i.lv_arc_get_bg_angle_end), (10 bytes).
    Removing lv_arc.o(i.lv_arc_get_bg_angle_start), (10 bytes).
    Removing lv_arc.o(i.lv_arc_get_max_value), (12 bytes).
    Removing lv_arc.o(i.lv_arc_get_min_value), (12 bytes).
    Removing lv_arc.o(i.lv_arc_get_mode), (16 bytes).
    Removing lv_arc.o(i.lv_arc_set_change_rate), (10 bytes).
    Removing lv_img.o(i.lv_img_get_angle), (12 bytes).
    Removing lv_img.o(i.lv_img_get_antialias), (16 bytes).
    Removing lv_img.o(i.lv_img_get_offset_x), (14 bytes).
    Removing lv_img.o(i.lv_img_get_offset_y), (14 bytes).
    Removing lv_img.o(i.lv_img_get_pivot), (14 bytes).
    Removing lv_img.o(i.lv_img_get_size_mode), (18 bytes).
    Removing lv_img.o(i.lv_img_get_src), (12 bytes).
    Removing lv_img.o(i.lv_img_get_zoom), (12 bytes).
    Removing lv_img.o(i.lv_img_set_angle), (286 bytes).
    Removing lv_img.o(i.lv_img_set_antialias), (42 bytes).
    Removing lv_img.o(i.lv_img_set_offset_x), (34 bytes).
    Removing lv_img.o(i.lv_img_set_offset_y), (36 bytes).
    Removing lv_img.o(i.lv_img_set_pivot), (284 bytes).
    Removing lv_img.o(i.lv_img_set_size_mode), (40 bytes).
    Removing lv_label.o(i.lv_label_cut_text), (64 bytes).
    Removing lv_label.o(i.lv_label_get_letter_pos), (520 bytes).
    Removing lv_label.o(i.lv_label_get_long_mode), (18 bytes).
    Removing lv_label.o(i.lv_label_get_recolor), (18 bytes).
    Removing lv_label.o(i.lv_label_ins_text), (148 bytes).
    Removing lv_label.o(i.lv_label_is_char_under_pos), (522 bytes).
    Removing lv_label.o(i.lv_label_set_recolor), (48 bytes).
    Removing lv_label.o(i.lv_label_set_text_fmt), (114 bytes).
    Removing lv_label.o(i.lv_label_set_text_sel_end), (6 bytes).
    Removing lv_label.o(i.lv_label_set_text_sel_start), (6 bytes).
    Removing lv_table.o(i.lv_table_get_col_cnt), (12 bytes).
    Removing lv_table.o(i.lv_table_get_col_width), (30 bytes).
    Removing lv_table.o(i.lv_table_get_row_cnt), (12 bytes).
    Removing lv_table.o(i.lv_table_get_selected_cell), (14 bytes).
    Removing lv_table.o(i.lv_table_set_cell_value_fmt), (408 bytes).
    Removing font30.o(.constdata), (8936 bytes).
    Removing font30.o(.data), (8 bytes).

1231 unused section(s) (total 294489 bytes) removed from the image.
