<html>
<body>
<pre>
<h1>�Vision Build Log</h1>
<h2>Tool Versions:</h2>
IDE-Version: ��Vision V5.41.0.0
Copyright (C) 2024 ARM Ltd and ARM Germany GmbH. All rights reserved.
License Information: 1 Administrator, 11, LIC=03C6R-K9T6I-01PP1-CAII0-07QG5-6DRTN
 
Tool Versions:
Toolchain:       MDK-ARM Plus  Version: 5.41.0.0
Toolchain Path:  C:\Keil_v5\ARM\ARMCC\Bin
C Compiler:      Armcc.exe V5.06 update 7 (build 960)
Assembler:       Armasm.exe V5.06 update 7 (build 960)
Linker/Locator:  ArmLink.exe V5.06 update 7 (build 960)
Library Manager: ArmAr.exe V5.06 update 7 (build 960)
Hex Converter:   FromElf.exe V5.06 update 7 (build 960)
CPU DLL:         SARMCM3.DLL V5.41.0.0
Dialog DLL:      DCM.DLL V1.17.5.0
Target DLL:      STLink\ST-LINKIII-KEIL_SWO.dll V3.3.0.0
Dialog DLL:      TCM.DLL V1.56.4.0
 
<h2>Project:</h2>
D:\LVGL\LVGL1\Projects\MDK-ARM\atk_f767.uvprojx
Project File Date:  02/05/2026

<h2>Output:</h2>
*** Using Compiler 'V5.06 update 7 (build 960)', folder: 'C:\Keil_v5\ARM\ARMCC\Bin'
Rebuild target 'LVGL'
assembling startup_stm32f767xx.s...
compiling obuf.c...
compiling app.c...
compiling delay.c...
compiling stm32f7xx_it.c...
compiling dashboard.c...
..\..\User\app\screens\dashboard.c(192): warning:  #550-D: variable "g_msg_persistent"  was set but never used
  static uint8_t g_msg_persistent = 0;       /* 弹窗是否常驻(不自动关�?) */
..\..\User\app\screens\dashboard.c: 1 warning, 0 errors
compiling sys.c...
compiling usart.c...
compiling system_stm32f7xx.c...
compiling malloc.c...
compiling stm32f7xx_hal_cortex.c...
compiling stm32f7xx_hal_dma.c...
compiling stm32f7xx_hal.c...
compiling stm32f7xx_hal_dma_ex.c...
compiling stm32f7xx_hal_gpio.c...
compiling stm32f7xx_hal_pwr.c...
compiling stm32f7xx_hal_pwr_ex.c...
compiling main.c...
..\..\User\main.c(68): warning:  #550-D: variable "g_last_frame_ms"  was set but never used
  static uint32_t g_last_frame_ms = 0;                 /* 最近一次有效帧时间 */
..\..\User\main.c(626): warning:  #177-D: function "dbg_fill_raw_hex"  was declared but never referenced
  static void dbg_fill_raw_hex(obuf_t *in, size_t max_bytes, char *out, size_t cap)
..\..\User\main.c: 2 warnings, 0 errors
compiling stm32f7xx_hal_rcc.c...
compiling stm32f7xx_hal_rcc_ex.c...
compiling stm32f7xx_hal_uart_ex.c...
compiling stm32f7xx_hal_sram.c...
compiling stm32f7xx_ll_fmc.c...
compiling stm32f7xx_hal_ltdc_ex.c...
compiling stm32f7xx_hal_uart.c...
compiling stm32f7xx_hal_sdram.c...
compiling stm32f7xx_hal_usart.c...
compiling stm32f7xx_hal_nand.c...
compiling stm32f7xx_hal_ltdc.c...
compiling stm32f7xx_hal_tim_ex.c...
compiling stm32f7xx_hal_dma2d.c...
compiling led.c...
compiling stm32f7xx_hal_tim.c...
compiling sdram.c...
compiling key.c...
compiling ltdc.c...
compiling 24cxx.c...
compiling myiic.c...
compiling ctiic.c...
compiling ft5206.c...
compiling lcd.c...
compiling gt9xxx.c...
compiling mpu.c...
compiling cc936.c...
compiling touch.c...
compiling btim.c...
compiling nand.c...
..\..\Drivers\BSP\NAND\nand.c(264): warning:  #1182-D: a declaration cannot have a label
      vu16 i=0;
..\..\Drivers\BSP\NAND\nand.c: 1 warning, 0 errors
compiling ftl.c...
compiling diskio.c...
compiling lv_disp.c...
compiling lv_event.c...
..\..\Middlewares\LVGL\GUI\lvgl\src\core\lv_event.c(120): warning:  #188-D: enumerated type mixed with another type
      return e->code & ~LV_EVENT_PREPROCESS;
..\..\Middlewares\LVGL\GUI\lvgl\src\core\lv_event.c: 1 warning, 0 errors
compiling usmart_config.c...
compiling usmart.c...
compiling lv_group.c...
compiling usmart_port.c...
compiling lv_indev.c...
compiling lv_indev_scroll.c...
compiling lv_obj_class.c...
compiling usmart_str.c...
compiling ff.c...
compiling lv_obj.c...
compiling lv_obj_draw.c...
compiling lv_obj_tree.c...
compiling lv_port_disp_template.c...
compiling lv_obj_style_gen.c...
compiling lv_draw.c...
compiling lv_obj_pos.c...
compiling lv_port_indev_template.c...
compiling lv_theme.c...
compiling lv_draw_arc.c...
compiling lv_draw_line.c...
compiling lv_obj_style.c...
compiling lv_refr.c...
compiling lv_draw_img.c...
compiling lv_obj_scroll.c...
compiling lv_draw_label.c...
compiling lv_draw_rect.c...
compiling lv_draw_triangle.c...
compiling lv_img_cache.c...
compiling lv_draw_sw.c...
compiling lv_draw_mask.c...
compiling lv_img_decoder.c...
compiling lv_draw_sw_dither.c...
compiling lv_img_buf.c...
compiling lv_draw_sw_arc.c...
compiling lv_draw_sw_gradient.c...
compiling lv_draw_sw_letter.c...
compiling lv_draw_sw_blend.c...
compiling lv_draw_sw_img.c...
compiling lv_draw_sw_polygon.c...
compiling lv_draw_sw_line.c...
compiling lv_grid.c...
compiling lv_bmp.c...
compiling lv_ffmpeg.c...
compiling lv_freetype.c...
compiling gifdec.c...
compiling lv_fs_posix.c...
compiling lv_fs_fatfs.c...
compiling lv_flex.c...
..\..\Middlewares\LVGL\GUI\lvgl\src\extra\layouts\flex\lv_flex.c(97): warning:  #188-D: enumerated type mixed with another type
      LV_STYLE_FLEX_MAIN_PLACE = lv_style_register_prop() | LV_STYLE_PROP_LAYOUT_REFR;
..\..\Middlewares\LVGL\GUI\lvgl\src\extra\layouts\flex\lv_flex.c(98): warning:  #188-D: enumerated type mixed with another type
      LV_STYLE_FLEX_CROSS_PLACE = lv_style_register_prop() | LV_STYLE_PROP_LAYOUT_REFR;
..\..\Middlewares\LVGL\GUI\lvgl\src\extra\layouts\flex\lv_flex.c(99): warning:  #188-D: enumerated type mixed with another type
      LV_STYLE_FLEX_TRACK_PLACE = lv_style_register_prop() | LV_STYLE_PROP_LAYOUT_REFR;
..\..\Middlewares\LVGL\GUI\lvgl\src\extra\layouts\flex\lv_flex.c: 3 warnings, 0 errors
compiling lv_fs_stdio.c...
compiling lv_fs_win32.c...
compiling lv_draw_sw_rect.c...
..\..\Middlewares\LVGL\GUI\lvgl\src\draw\sw\lv_draw_sw_rect.c(239): warning:  #546-D: transfer of control bypasses initialization of:
            variable "mask_any_center"  (declared at line 286)
          goto bg_clean_up;
          ^
..\..\Middlewares\LVGL\GUI\lvgl\src\draw\sw\lv_draw_sw_rect.c: 1 warning, 0 errors
compiling lv_gif.c...
compiling lodepng.c...
compiling lv_png.c...
compiling tjpgd.c...
compiling lv_qrcode.c...
compiling lv_rlottie.c...
compiling lv_gridnav.c...
compiling qrcodegen.c...
..\..\Middlewares\LVGL\GUI\lvgl\src\extra\libs\qrcode\qrcodegen.c(278): warning:  #188-D: enumerated type mixed with another type
  	applyMask(tempBuffer, qrcode, mask);
..\..\Middlewares\LVGL\GUI\lvgl\src\extra\libs\qrcode\qrcodegen.c(279): warning:  #188-D: enumerated type mixed with another type
  	drawFormatBits(ecl, mask, qrcode);
..\..\Middlewares\LVGL\GUI\lvgl\src\extra\libs\qrcode\qrcodegen.c: 2 warnings, 0 errors
compiling lv_snapshot.c...
compiling lv_sjpg.c...
compiling lv_monkey.c...
compiling lv_theme_basic.c...
compiling lv_theme_mono.c...
compiling lv_calendar_header_arrow.c...
compiling lv_animimg.c...
compiling lv_keyboard.c...
compiling lv_calendar.c...
compiling lv_calendar_header_dropdown.c...
compiling lv_theme_default.c...
..\..\Middlewares\LVGL\GUI\lvgl\src\extra\themes\default\lv_theme_default.c(213): warning:  #188-D: enumerated type mixed with another type
..\..\Middlewares\LVGL\GUI\lvgl\src\extra\themes\default\lv_theme_default.c: 1 warning, 0 errors
compiling lv_chart.c...
compiling lv_colorwheel.c...
compiling lv_imgbtn.c...
compiling lv_list.c...
compiling lv_menu.c...
compiling lv_led.c...
compiling lv_meter.c...
compiling lv_msgbox.c...
compiling lv_span.c...
compiling lv_spinbox.c...
compiling lv_tileview.c...
compiling lv_spinner.c...
compiling lv_font.c...
compiling lv_tabview.c...
compiling lv_win.c...
compiling lv_extra.c...
compiling lv_font_fmt_txt.c...
..\..\Middlewares\LVGL\GUI\lvgl\src\font\lv_font_fmt_txt.c(137): warning:  #111-D: statement is unreachable
      return NULL;
..\..\Middlewares\LVGL\GUI\lvgl\src\font\lv_font_fmt_txt.c: 1 warning, 0 errors
compiling lv_font_dejavu_16_persian_hebrew.c...
compiling lv_font_montserrat_8.c...
compiling lv_font_montserrat_10.c...
compiling lv_font_montserrat_12.c...
compiling lv_font_loader.c...
compiling lv_font_montserrat_12_subpx.c...
compiling lv_font_montserrat_14.c...
compiling lv_font_montserrat_18.c...
compiling lv_font_montserrat_16.c...
compiling lv_font_montserrat_20.c...
compiling lv_font_montserrat_22.c...
compiling lv_font_montserrat_24.c...
compiling lv_font_montserrat_26.c...
compiling lv_font_montserrat_28.c...
compiling lv_font_montserrat_28_compressed.c...
compiling lv_font_montserrat_30.c...
compiling lv_font_montserrat_32.c...
compiling lv_font_montserrat_34.c...
compiling lv_font_montserrat_36.c...
compiling lv_font_montserrat_38.c...
compiling lv_font_montserrat_40.c...
compiling lv_font_montserrat_42.c...
compiling lv_font_montserrat_44.c...
compiling lv_font_montserrat_46.c...
compiling lv_draw_sdl.c...
compiling lv_font_montserrat_48.c...
compiling lv_font_unscii_8.c...
compiling lv_draw_sdl_bg.c...
compiling lv_draw_sdl_arc.c...
compiling lv_gpu_stm32_dma2d.c...
compiling lv_draw_sdl_composite.c...
compiling lv_font_unscii_16.c...
compiling lv_draw_sdl_img.c...
compiling lv_draw_sdl_label.c...
compiling lv_draw_sdl_line.c...
compiling lv_draw_sdl_mask.c...
compiling lv_draw_sdl_polygon.c...
compiling lv_draw_sdl_rect.c...
compiling lv_draw_sdl_stack_blur.c...
compiling lv_draw_sdl_texture_cache.c...
compiling lv_draw_sdl_utils.c...
compiling lv_font_simsun_16_cjk.c...
compiling lv_hal_tick.c...
compiling lv_anim_timeline.c...
compiling lv_hal_indev.c...
compiling lv_anim.c...
compiling lv_async.c...
compiling lv_hal_disp.c...
..\..\Middlewares\LVGL\GUI\lvgl\src\hal\lv_hal_disp.c(573): warning:  #188-D: enumerated type mixed with another type
      return disp->driver->rotated;
..\..\Middlewares\LVGL\GUI\lvgl\src\hal\lv_hal_disp.c: 1 warning, 0 errors
compiling lv_area.c...
compiling lv_bidi.c...
compiling lv_color.c...
compiling lv_gc.c...
compiling lv_log.c...
compiling lv_ll.c...
compiling lv_fs.c...
compiling lv_math.c...
compiling lv_lru.c...
..\..\Middlewares\LVGL\GUI\lvgl\src\misc\lv_lru.c(313): warning:  #68-D: integer conversion resulted in a change of sign
      uint32_t i = 0, min_index = -1;
..\..\Middlewares\LVGL\GUI\lvgl\src\misc\lv_lru.c(314): warning:  #68-D: integer conversion resulted in a change of sign
      uint64_t min_access_count = -1;
..\..\Middlewares\LVGL\GUI\lvgl\src\misc\lv_lru.c: 2 warnings, 0 errors
compiling lv_mem.c...
..\..\Middlewares\LVGL\GUI\lvgl\src\misc\lv_mem.c(311): warning:  #111-D: statement is unreachable
      return NULL;
..\..\Middlewares\LVGL\GUI\lvgl\src\misc\lv_mem.c: 1 warning, 0 errors
compiling lv_templ.c...
compiling lv_printf.c...
compiling lv_style.c...
..\..\Middlewares\LVGL\GUI\lvgl\src\misc\lv_style.c(74): warning:  #188-D: enumerated type mixed with another type
      return act_id;
..\..\Middlewares\LVGL\GUI\lvgl\src\misc\lv_style.c: 1 warning, 0 errors
compiling lv_timer.c...
compiling lv_style_gen.c...
compiling lv_utils.c...
compiling lv_txt_ap.c...
compiling lv_bar.c...
compiling lv_txt.c...
compiling lv_btn.c...
compiling lv_btnmatrix.c...
compiling lv_tlsf.c...
..\..\Middlewares\LVGL\GUI\lvgl\src\misc\lv_tlsf.c(898): warning:  #68-D: integer conversion resulted in a change of sign
          offset_to_block(pool, -(int)block_header_overhead);
..\..\Middlewares\LVGL\GUI\lvgl\src\misc\lv_tlsf.c(1000): warning:  #68-D: integer conversion resulted in a change of sign
      block = offset_to_block(mem, -(tlsfptr_t)block_header_overhead);
..\..\Middlewares\LVGL\GUI\lvgl\src\misc\lv_tlsf.c(1018): warning:  #68-D: integer conversion resulted in a change of sign
      block_header_t * block = offset_to_block(pool, -(int)block_header_overhead);
..\..\Middlewares\LVGL\GUI\lvgl\src\misc\lv_tlsf.c: 3 warnings, 0 errors
compiling lv_canvas.c...
compiling lv_arc.c...
compiling lv_checkbox.c...
compiling lv_dropdown.c...
compiling lv_objx_templ.c...
compiling lv_line.c...
compiling lv_roller.c...
compiling lv_slider.c...
compiling lv_switch.c...
compiling lv_img.c...
compiling lv_textarea.c...
compiling lv_label.c...
compiling Font30.c...
compiling lv_table.c...
linking...
Program Size: Code=209768 RO-data=255252 RW-data=944 ZI-data=33823008  
FromELF: creating hex file...
"D:\LVGL\LVGL1\Out\atk_f767.axf" - 0 Error(s), 21 Warning(s).

<h2>Software Packages used:</h2>

Package Vendor: Keil
                https://www.keil.com/pack/Keil.STM32F7xx_DFP.2.12.0.pack
                Keil::STM32F7xx_DFP@2.12.0
                STMicroelectronics STM32F7 Series Device Support, Drivers and Examples

<h2>Collection of Component include folders:</h2>
  D:/packs/Keil/STM32F7xx_DFP/2.12.0/Drivers/CMSIS/Device/ST/STM32F7xx/Include

<h2>Collection of Component Files used:</h2>
Build Time Elapsed:  00:00:05
</pre>
</body>
</html>
